Component: ARM Compiler 5.06 update 5 (build 528) Tool: armlink [4d35e2]

==============================================================================

Section Cross References

    main.o(.text) refers to _printf_percent.o(.ARM.Collect$$_printf_percent$$00000000) for _printf_percent
    main.o(.text) refers to _printf_f.o(.ARM.Collect$$_printf_percent$$00000003) for _printf_f
    main.o(.text) refers to printf1.o(x$fpl$printf1) for _printf_fp_dec
    main.o(.text) refers to lcd.o(.text) for LCD_Clear
    main.o(.text) refers to ddiv.o(x$fpl$ddiv) for __aeabi_ddiv
    main.o(.text) refers to noretval__2sprintf.o(.text) for __2sprintf
    main.o(.text) refers to noretval__2printf.o(.text) for __2printf
    main.o(.text) refers to delay.o(.text) for delay_init
    main.o(.text) refers to led.o(.text) for LED_Init
    main.o(.text) refers to key.o(.text) for KEY_Init
    main.o(.text) refers to remote.o(.text) for Remote_Init
    main.o(.text) refers to misc.o(.text) for NVIC_PriorityGroupConfig
    main.o(.text) refers to usart.o(.text) for uart_init
    main.o(.text) refers to exti.o(.text) for EXTIX_Init
    main.o(.text) refers to pwm.o(.text) for PWMMODE_84psc
    main.o(.text) refers to daddsub_clz.o(x$fpl$dadd) for __aeabi_dadd
    main.o(.text) refers to drleqf.o(x$fpl$drleqf) for __aeabi_cdrcmple
    main.o(.text) refers to daddsub_clz.o(x$fpl$dsub) for __aeabi_dsub
    main.o(.text) refers to dleqf.o(x$fpl$dleqf) for __aeabi_cdcmple
    main.o(.text) refers to remote.o(.data) for frequency
    main.o(.text) refers to lcd.o(.data) for POINT_COLOR
    system_stm32f4xx.o(.text) refers to system_stm32f4xx.o(.data) for SystemCoreClock
    startup_stm32f40_41xxx.o(STACK) refers (Special) to heapauxi.o(.text) for __use_two_region_memory
    startup_stm32f40_41xxx.o(HEAP) refers (Special) to heapauxi.o(.text) for __use_two_region_memory
    startup_stm32f40_41xxx.o(RESET) refers (Special) to heapauxi.o(.text) for __use_two_region_memory
    startup_stm32f40_41xxx.o(RESET) refers to startup_stm32f40_41xxx.o(STACK) for __initial_sp
    startup_stm32f40_41xxx.o(RESET) refers to startup_stm32f40_41xxx.o(.text) for Reset_Handler
    startup_stm32f40_41xxx.o(RESET) refers to stm32f4xx_it.o(.text) for NMI_Handler
    startup_stm32f40_41xxx.o(RESET) refers to exti.o(.text) for EXTI0_IRQHandler
    startup_stm32f40_41xxx.o(RESET) refers to remote.o(.text) for TIM1_UP_TIM10_IRQHandler
    startup_stm32f40_41xxx.o(RESET) refers to usart.o(.text) for USART1_IRQHandler
    startup_stm32f40_41xxx.o(.text) refers (Special) to heapauxi.o(.text) for __use_two_region_memory
    startup_stm32f40_41xxx.o(.text) refers to system_stm32f4xx.o(.text) for SystemInit
    startup_stm32f40_41xxx.o(.text) refers to __main.o(!!!main) for __main
    startup_stm32f40_41xxx.o(.text) refers to startup_stm32f40_41xxx.o(HEAP) for Heap_Mem
    startup_stm32f40_41xxx.o(.text) refers to startup_stm32f40_41xxx.o(STACK) for Stack_Mem
    stm32f4xx_adc.o(.text) refers to stm32f4xx_rcc.o(.text) for RCC_APB2PeriphResetCmd
    stm32f4xx_can.o(.text) refers to stm32f4xx_rcc.o(.text) for RCC_APB1PeriphResetCmd
    stm32f4xx_cryp.o(.text) refers to stm32f4xx_rcc.o(.text) for RCC_AHB2PeriphResetCmd
    stm32f4xx_cryp_aes.o(.text) refers to stm32f4xx_cryp.o(.text) for CRYP_KeyStructInit
    stm32f4xx_cryp_des.o(.text) refers to stm32f4xx_cryp.o(.text) for CRYP_KeyStructInit
    stm32f4xx_cryp_tdes.o(.text) refers to stm32f4xx_cryp.o(.text) for CRYP_KeyStructInit
    stm32f4xx_dac.o(.text) refers to stm32f4xx_rcc.o(.text) for RCC_APB1PeriphResetCmd
    stm32f4xx_dma2d.o(.text) refers to stm32f4xx_rcc.o(.text) for RCC_AHB1PeriphResetCmd
    stm32f4xx_fsmc.o(.text) refers to stm32f4xx_fsmc.o(.constdata) for FSMC_DefaultTimingStruct
    stm32f4xx_gpio.o(.text) refers to stm32f4xx_rcc.o(.text) for RCC_AHB1PeriphResetCmd
    stm32f4xx_hash.o(.text) refers to stm32f4xx_rcc.o(.text) for RCC_AHB2PeriphResetCmd
    stm32f4xx_hash_md5.o(.text) refers to stm32f4xx_hash.o(.text) for HASH_DeInit
    stm32f4xx_hash_sha1.o(.text) refers to stm32f4xx_hash.o(.text) for HASH_DeInit
    stm32f4xx_i2c.o(.text) refers to stm32f4xx_rcc.o(.text) for RCC_APB1PeriphResetCmd
    stm32f4xx_ltdc.o(.text) refers to stm32f4xx_rcc.o(.text) for RCC_APB2PeriphResetCmd
    stm32f4xx_pwr.o(.text) refers to stm32f4xx_rcc.o(.text) for RCC_APB1PeriphResetCmd
    stm32f4xx_rcc.o(.text) refers to stm32f4xx_rcc.o(.data) for APBAHBPrescTable
    stm32f4xx_rng.o(.text) refers to stm32f4xx_rcc.o(.text) for RCC_AHB2PeriphResetCmd
    stm32f4xx_sai.o(.text) refers to stm32f4xx_rcc.o(.text) for RCC_APB2PeriphResetCmd
    stm32f4xx_sdio.o(.text) refers to stm32f4xx_rcc.o(.text) for RCC_APB2PeriphResetCmd
    stm32f4xx_spi.o(.text) refers to stm32f4xx_rcc.o(.text) for RCC_APB2PeriphResetCmd
    stm32f4xx_syscfg.o(.text) refers to stm32f4xx_rcc.o(.text) for RCC_APB2PeriphResetCmd
    stm32f4xx_tim.o(.text) refers to stm32f4xx_rcc.o(.text) for RCC_APB2PeriphResetCmd
[...]
    .ARM.Collect$$rtexit$$00000000           0x0800023a   Section        2  rtexit.o(.ARM.Collect$$rtexit$$00000000)
    .ARM.Collect$$rtexit$$00000002           0x0800023c   Section        0  rtexit2.o(.ARM.Collect$$rtexit$$00000002)
    .ARM.Collect$$rtexit$$00000003           0x0800023c   Section        4  rtexit2.o(.ARM.Collect$$rtexit$$00000003)
    .ARM.Collect$$rtexit$$00000004           0x08000240   Section        6  rtexit2.o(.ARM.Collect$$rtexit$$00000004)
    .text                                    0x08000248   Section        0  main.o(.text)
    .text                                    0x08000578   Section        0  stm32f4xx_it.o(.text)
    .text                                    0x08000594   Section        0  system_stm32f4xx.o(.text)
    SetSysClock                              0x08000595   Thumb Code   220  system_stm32f4xx.o(.text)
    .text                                    0x080007a4   Section       64  startup_stm32f40_41xxx.o(.text)
    $v0                                      0x080007a4   Number         0  startup_stm32f40_41xxx.o(.text)
    .text                                    0x080007e4   Section        0  misc.o(.text)
    .text                                    0x080008c4   Section        0  stm32f4xx_exti.o(.text)
    .text                                    0x080009d4   Section        0  stm32f4xx_fsmc.o(.text)
    .text                                    0x08000f9c   Section        0  stm32f4xx_gpio.o(.text)
    .text                                    0x08001230   Section        0  stm32f4xx_rcc.o(.text)
    .text                                    0x0800188c   Section        0  stm32f4xx_syscfg.o(.text)
    .text                                    0x08001920   Section        0  stm32f4xx_tim.o(.text)
    TI4_Config                               0x080020bf   Thumb Code    80  stm32f4xx_tim.o(.text)
    TI3_Config                               0x08002121   Thumb Code    72  stm32f4xx_tim.o(.text)
    TI2_Config                               0x08002183   Thumb Code    90  stm32f4xx_tim.o(.text)
    TI1_Config                               0x080021ef   Thumb Code    58  stm32f4xx_tim.o(.text)
    .text                                    0x080025c4   Section        0  stm32f4xx_usart.o(.text)
    .text                                    0x08002a18   Section        0  delay.o(.text)
    .text                                    0x08002b1c   Section        0  usart.o(.text)
    .text                                    0x08002c64   Section        0  led.o(.text)
    .text                                    0x08002cb0   Section        0  key.o(.text)
    .text                                    0x08002dd0   Section        0  pwm.o(.text)
    .text                                    0x08002f70   Section        0  lcd.o(.text)
    .text                                    0x08007bf0   Section        0  remote.o(.text)
    .text                                    0x08008bac   Section        0  exti.o(.text)
    .text                                    0x08008d64   Section        2  use_no_semi_2.o(.text)
    .text                                    0x08008d68   Section        0  noretval__2printf.o(.text)
    .text                                    0x08008d80   Section        0  noretval__2sprintf.o(.text)
    .text                                    0x08008da8   Section        0  _printf_hex_int.o(.text)
    .text                                    0x08008e00   Section        0  __printf_wp.o(.text)
    .text                                    0x08008f0e   Section       78  rt_memclr_w.o(.text)
    .text                                    0x08008f5c   Section        0  heapauxi.o(.text)
    .text                                    0x08008f62   Section        2  use_no_semi.o(.text)
    .text                                    0x08008f64   Section        0  _printf_intcommon.o(.text)
    .text                                    0x08009016   Section        0  _printf_fp_dec.o(.text)
    _fp_digits                               0x08009019   Thumb Code   432  _printf_fp_dec.o(.text)
    .text                                    0x08009434   Section        0  _printf_char_common.o(.text)
    _printf_input_char                       0x08009435   Thumb Code    10  _printf_char_common.o(.text)
    .text                                    0x08009464   Section        0  _sputc.o(.text)
    .text                                    0x08009470   Section        0  _printf_char_file.o(.text)
    .text                                    0x08009494   Section        8  rt_locale_intlibspace.o(.text)
    .text                                    0x0800949c   Section      138  lludiv10.o(.text)
    .text                                    0x08009528   Section        0  _printf_fp_infnan.o(.text)
    .text                                    0x080095a8   Section        0  bigflt0.o(.text)
    .text                                    0x0800968c   Section        0  ferror.o(.text)
    .text                                    0x08009694   Section        8  libspace.o(.text)
    .text                                    0x0800969c   Section       74  sys_stackheap_outer.o(.text)
    .text                                    0x080096e6   Section        0  exit.o(.text)
    .text                                    0x080096f8   Section      128  strcmpv7m.o(.text)
    CL$$btod_d2e                             0x08009778   Section       62  btod.o(CL$$btod_d2e)
    CL$$btod_d2e_denorm_low                  0x080097b6   Section       70  btod.o(CL$$btod_d2e_denorm_low)
    CL$$btod_d2e_norm_op1                    0x080097fc   Section       96  btod.o(CL$$btod_d2e_norm_op1)
    CL$$btod_div_common                      0x0800985c   Section      824  btod.o(CL$$btod_div_common)
    CL$$btod_e2e                             0x08009b94   Section      220  btod.o(CL$$btod_e2e)
    CL$$btod_ediv                            0x08009c70   Section       42  btod.o(CL$$btod_ediv)
    CL$$btod_emul                            0x08009c9a   Section       42  btod.o(CL$$btod_emul)
    CL$$btod_mult_common                     0x08009cc4   Section      580  btod.o(CL$$btod_mult_common)
    i.__ARM_fpclassify                       0x08009f08   Section        0  fpclassify.o(i.__ARM_fpclassify)
    i._is_digit                              0x08009f38   Section        0  __printf_wp.o(i._is_digit)
    locale$$code                             0x08009f48   Section       44  lc_numeric_c.o(locale$$code)
    x$fpl$dadd                               0x08009f74   Section      336  daddsub_clz.o(x$fpl$dadd)
    $v0                                      0x08009f74   Number         0  daddsub_clz.o(x$fpl$dadd)
    _dadd1                                   0x08009f85   Thumb Code     0  daddsub_clz.o(x$fpl$dadd)
    x$fpl$dcmpinf                            0x0800a0c4   Section       24  dcmpi.o(x$fpl$dcmpinf)
    $v0                                      0x0800a0c4   Number         0  dcmpi.o(x$fpl$dcmpinf)
    x$fpl$ddiv                               0x0800a0dc   Section      688  ddiv.o(x$fpl$ddiv)
    $v0                                      0x0800a0dc   Number         0  ddiv.o(x$fpl$ddiv)
    ddiv_entry                               0x0800a0e3   Thumb Code     0  ddiv.o(x$fpl$ddiv)
    x$fpl$dfix                               0x0800a38c   Section       94  dfix.o(x$fpl$dfix)
    $v0                                      0x0800a38c   Number         0  dfix.o(x$fpl$dfix)
    x$fpl$dfixu                              0x0800a3ec   Section       90  dfixu.o(x$fpl$dfixu)
    $v0                                      0x0800a3ec   Number         0  dfixu.o(x$fpl$dfixu)
    x$fpl$dflt                               0x0800a446   Section       46  dflt_clz.o(x$fpl$dflt)
    $v0                                      0x0800a446   Number         0  dflt_clz.o(x$fpl$dflt)
    x$fpl$dfltu                              0x0800a474   Section       38  dflt_clz.o(x$fpl$dfltu)
    $v0                                      0x0800a474   Number         0  dflt_clz.o(x$fpl$dfltu)
    x$fpl$dleqf                              0x0800a49c   Section      120  dleqf.o(x$fpl$dleqf)
    $v0                                      0x0800a49c   Number         0  dleqf.o(x$fpl$dleqf)
    x$fpl$dmul                               0x0800a514   Section      340  dmul.o(x$fpl$dmul)
    $v0                                      0x0800a514   Number         0  dmul.o(x$fpl$dmul)
    x$fpl$dnaninf                            0x0800a668   Section      156  dnaninf.o(x$fpl$dnaninf)
    $v0                                      0x0800a668   Number         0  dnaninf.o(x$fpl$dnaninf)
    x$fpl$dretinf                            0x0800a704   Section       12  dretinf.o(x$fpl$dretinf)
    $v0                                      0x0800a704   Number         0  dretinf.o(x$fpl$dretinf)
    x$fpl$drleqf                             0x0800a710   Section      108  drleqf.o(x$fpl$drleqf)
    $v0                                      0x0800a710   Number         0  drleqf.o(x$fpl$drleqf)
    x$fpl$drsb                               0x0800a77c   Section       22  daddsub_clz.o(x$fpl$drsb)
    $v0                                      0x0800a77c   Number         0  daddsub_clz.o(x$fpl$drsb)
    x$fpl$dsub                               0x0800a794   Section      468  daddsub_clz.o(x$fpl$dsub)
    $v0                                      0x0800a794   Number         0  daddsub_clz.o(x$fpl$dsub)
    _dsub1                                   0x0800a7a5   Thumb Code     0  daddsub_clz.o(x$fpl$dsub)
    x$fpl$fpinit                             0x0800a968   Section       10  fpinit.o(x$fpl$fpinit)
    $v0                                      0x0800a968   Number         0  fpinit.o(x$fpl$fpinit)
    x$fpl$printf1                            0x0800a972   Section        4  printf1.o(x$fpl$printf1)
    $v0                                      0x0800a972   Number         0  printf1.o(x$fpl$printf1)
    x$fpl$usenofp                            0x0800a976   Section        0  usenofp.o(x$fpl$usenofp)
    .constdata                               0x0800a978   Section       28  stm32f4xx_fsmc.o(.constdata)
    .constdata                               0x0800a994   Section     6080  lcd.o(.constdata)
    .constdata                               0x0800c154   Section       40  _printf_hex_int.o(.constdata)
    uc_hextab                                0x0800c154   Data          20  _printf_hex_int.o(.constdata)
    lc_hextab                                0x0800c168   Data          20  _printf_hex_int.o(.constdata)
    .constdata                               0x0800c17c   Section      148  bigflt0.o(.constdata)
    tenpwrs_x                                0x0800c17c   Data          60  bigflt0.o(.constdata)
    tenpwrs_i                                0x0800c1b8   Data          64  bigflt0.o(.constdata)
    locale$$data                             0x0800c230   Section       28  lc_numeric_c.o(locale$$data)
    __lcnum_c_name                           0x0800c234   Data           2  lc_numeric_c.o(locale$$data)
    __lcnum_c_start                          0x0800c23c   Data           0  lc_numeric_c.o(locale$$data)
    __lcnum_c_point                          0x0800c248   Data           0  lc_numeric_c.o(locale$$data)
    __lcnum_c_thousands                      0x0800c24a   Data           0  lc_numeric_c.o(locale$$data)
    __lcnum_c_grouping                       0x0800c24b   Data           0  lc_numeric_c.o(locale$$data)
    __lcnum_c_end                            0x0800c24c   Data           0  lc_numeric_c.o(locale$$data)
    .data                                    0x20000000   Section       20  system_stm32f4xx.o(.data)
    .data                                    0x20000014   Section       16  stm32f4xx_rcc.o(.data)
    APBAHBPrescTable                         0x20000014   Data          16  stm32f4xx_rcc.o(.data)
    .data                                    0x20000024   Section        4  delay.o(.data)
    fac_us                                   0x20000024   Data           1  delay.o(.data)
    fac_ms                                   0x20000026   Data           2  delay.o(.data)
    .data                                    0x20000028   Section        6  usart.o(.data)
    .data                                    0x20000030   Section        4  key.o(.data)
    status                                   0x20000030   Data           4  key.o(.data)
    .data                                    0x20000034   Section        4  lcd.o(.data)
    .data                                    0x20000038   Section       25  remote.o(.data)
    .bss                                     0x20000054   Section      200  usart.o(.bss)
    .bss                                     0x2000011c   Section       14  lcd.o(.bss)
    .bss                                     0x2000012c   Section       96  libspace.o(.bss)
    HEAP                                     0x20000190   Section      512  startup_stm32f40_41xxx.o(HEAP)
    Heap_Mem                                 0x20000190   Data         512  startup_stm32f40_41xxx.o(HEAP)
    STACK                                    0x20000390   Section     1024  startup_stm32f40_41xxx.o(STACK)
    Stack_Mem                                0x20000390   Data        1024  startup_stm32f40_41xxx.o(STACK)
    __initial_sp                             0x20000790   Data           0  startup_stm32f40_41xxx.o(STACK)

    Global Symbols

    Symbol Name                              Value     Ov Type        Size  Object(Section)

    BuildAttributes$$THM_ISAv4$E$P$D$K$B$S$7EM$VFPi3$EXTD16$VFPS$VFMA$PE$A:L22UL41UL21$X:L11$S22US41US21$IEEE1$IW$USESV6$~STKCKD$USESV7$~SHL$OTIME$ROPI$IEEEJ$EBA8$UX$STANDARDLIB$REQ8$PRES8$EABIv2 0x00000000   Number         0  anon$$obj.o ABSOLUTE
    __ARM_use_no_argv                        0x00000000   Number         0  main.o ABSOLUTE
    _printf_flags                            0x00000000   Number         0  printf_stubs.o ABSOLUTE
    _printf_return_value                     0x00000000   Number         0  printf_stubs.o ABSOLUTE
    _printf_sizespec                         0x00000000   Number         0  printf_stubs.o ABSOLUTE
    _printf_widthprec                        0x00000000   Number         0  printf_stubs.o ABSOLUTE
    __ARM_exceptions_init                     - Undefined Weak Reference
    __alloca_initialize                       - Undefined Weak Reference
    __arm_preinit_                            - Undefined Weak Reference
    __cpp_initialize__aeabi_                  - Undefined Weak Reference
    __cxa_finalize                            - Undefined Weak Reference
    __sigvec_lookup                           - Undefined Weak Reference
    _atexit_init                              - Undefined Weak Reference
    _call_atexit_fns                          - Undefined Weak Reference
    _clock_init                               - Undefined Weak Reference
    _fp_trap_init                             - Undefined Weak Reference
    _fp_trap_shutdown                         - Undefined Weak Reference
    _get_lc_collate                           - Undefined Weak Reference
    _get_lc_ctype                             - Undefined Weak Reference
    _get_lc_monetary                          - Undefined Weak Reference
    _get_lc_time                              - Undefined Weak Reference
    _getenv_init                              - Undefined Weak Reference
    _handle_redirection                       - Undefined Weak Reference
    _init_alloc                               - Undefined Weak Reference
    _init_user_alloc                          - Undefined Weak Reference
    _initio                                   - Undefined Weak Reference
    _mutex_acquire                            - Undefined Weak Reference
    _mutex_release                            - Undefined Weak Reference
    _printf_post_padding                      - Undefined Weak Reference
    _printf_pre_padding                       - Undefined Weak Reference
    _printf_truncate_unsigned                 - Undefined Weak Reference
    _rand_init                                - Undefined Weak Reference
    _signal_finish                            - Undefined Weak Reference
    _signal_init                              - Undefined Weak Reference
    _terminate_alloc                          - Undefined Weak Reference
    _terminate_user_alloc                     - Undefined Weak Reference
    _terminateio                              - Undefined Weak Reference
    __Vectors_Size                           0x00000188   Number         0  startup_stm32f40_41xxx.o ABSOLUTE
    __Vectors                                0x08000000   Data           4  startup_stm32f40_41xxx.o(RESET)
    __Vectors_End                            0x08000188   Data           0  startup_stm32f40_41xxx.o(RESET)
    __main                                   0x08000189   Thumb Code     8  __main.o(!!!main)
    __scatterload                            0x08000191   Thumb Code     0  __scatter.o(!!!scatter)
    __scatterload_rt2                        0x08000191   Thumb Code    44  __scatter.o(!!!scatter)
    __scatterload_rt2_thumb_only             0x08000191   Thumb Code     0  __scatter.o(!!!scatter)
    __scatterload_null                       0x0800019f   Thumb Code     0  __scatter.o(!!!scatter)
    __scatterload_copy                       0x080001c5   Thumb Code    26  __scatter_copy.o(!!handler_copy)
    __scatterload_zeroinit                   0x080001e1   Thumb Code    28  __scatter_zi.o(!!handler_zi)
    _printf_f                                0x080001fd   Thumb Code     0  _printf_f.o(.ARM.Collect$$_printf_percent$$00000003)
    _printf_percent                          0x080001fd   Thumb Code     0  _printf_percent.o(.ARM.Collect$$_printf_percent$$00000000)
    _printf_x                                0x08000203   Thumb Code     0  _printf_x.o(.ARM.Collect$$_printf_percent$$0000000C)
    _printf_percent_end                      0x08000209   Thumb Code     0  _printf_percent_end.o(.ARM.Collect$$_printf_percent$$00000017)
    __rt_lib_init                            0x0800020d   Thumb Code     0  libinit.o(.ARM.Collect$$libinit$$00000000)
    __rt_lib_init_fp_1                       0x0800020f   Thumb Code     0  libinit2.o(.ARM.Collect$$libinit$$00000001)
    __rt_lib_init_heap_1                     0x08000213   Thumb Code     0  libinit2.o(.ARM.Collect$$libinit$$0000000A)
    __rt_lib_init_lc_common                  0x08000213   Thumb Code     0  libinit2.o(.ARM.Collect$$libinit$$0000000F)
    __rt_lib_init_preinit_1                  0x08000213   Thumb Code     0  libinit2.o(.ARM.Collect$$libinit$$00000004)
    __rt_lib_init_rand_1                     0x08000213   Thumb Code     0  libinit2.o(.ARM.Collect$$libinit$$0000000E)
    __rt_lib_init_user_alloc_1               0x08000213   Thumb Code     0  libinit2.o(.ARM.Collect$$libinit$$0000000C)
    __rt_lib_init_lc_collate_1               0x08000219   Thumb Code     0  libinit2.o(.ARM.Collect$$libinit$$00000011)
    __rt_lib_init_lc_ctype_1                 0x08000219   Thumb Code     0  libinit2.o(.ARM.Collect$$libinit$$00000013)
    __rt_lib_init_lc_monetary_1              0x08000219   Thumb Code     0  libinit2.o(.ARM.Collect$$libinit$$00000015)
    __rt_lib_init_lc_numeric_2               0x08000219   Thumb Code     0  libinit2.o(.ARM.Collect$$libinit$$00000016)
    __rt_lib_init_alloca_1                   0x08000223   Thumb Code     0  libinit2.o(.ARM.Collect$$libinit$$0000002E)
    __rt_lib_init_argv_1                     0x08000223   Thumb Code     0  libinit2.o(.ARM.Collect$$libinit$$0000002C)
    __rt_lib_init_atexit_1                   0x08000223   Thumb Code     0  libinit2.o(.ARM.Collect$$libinit$$0000001B)
    __rt_lib_init_clock_1                    0x08000223   Thumb Code     0  libinit2.o(.ARM.Collect$$libinit$$00000021)
    __rt_lib_init_cpp_1                      0x08000223   Thumb Code     0  libinit2.o(.ARM.Collect$$libinit$$00000032)
    __rt_lib_init_exceptions_1               0x08000223   Thumb Code     0  libinit2.o(.ARM.Collect$$libinit$$00000030)
    __rt_lib_init_fp_trap_1                  0x08000223   Thumb Code     0  libinit2.o(.ARM.Collect$$libinit$$0000001F)
    __rt_lib_init_getenv_1                   0x08000223   Thumb Code     0  libinit2.o(.ARM.Collect$$libinit$$00000023)
    __rt_lib_init_lc_numeric_1               0x08000223   Thumb Code     0  libinit2.o(.ARM.Collect$$libinit$$00000017)
    __rt_lib_init_lc_time_1                  0x08000223   Thumb Code     0  libinit2.o(.ARM.Collect$$libinit$$00000019)
    __rt_lib_init_return                     0x08000223   Thumb Code     0  libinit2.o(.ARM.Collect$$libinit$$00000033)
    __rt_lib_init_signal_1                   0x08000223   Thumb Code     0  libinit2.o(.ARM.Collect$$libinit$$0000001D)
    __rt_lib_init_stdio_1                    0x08000223   Thumb Code     0  libinit2.o(.ARM.Collect$$libinit$$00000025)
    __rt_lib_shutdown                        0x08000225   Thumb Code     0  libshutdown.o(.ARM.Collect$$libshutdown$$00000000)
    __rt_lib_shutdown_cpp_1                  0x08000227   Thumb Code     0  libshutdown2.o(.ARM.Collect$$libshutdown$$00000002)
    __rt_lib_shutdown_fp_trap_1              0x08000227   Thumb Code     0  libshutdown2.o(.ARM.Collect$$libshutdown$$00000007)
    __rt_lib_shutdown_heap_1                 0x08000227   Thumb Code     0  libshutdown2.o(.ARM.Collect$$libshutdown$$0000000F)
    __rt_lib_shutdown_return                 0x08000227   Thumb Code     0  libshutdown2.o(.ARM.Collect$$libshutdown$$00000010)
    __rt_lib_shutdown_signal_1               0x08000227   Thumb Code     0  libshutdown2.o(.ARM.Collect$$libshutdown$$0000000A)
    __rt_lib_shutdown_stdio_1                0x08000227   Thumb Code     0  libshutdown2.o(.ARM.Collect$$libshutdown$$00000004)
    __rt_lib_shutdown_user_alloc_1           0x08000227   Thumb Code     0  libshutdown2.o(.ARM.Collect$$libshutdown$$0000000C)
    __rt_entry                               0x08000229   Thumb Code     0  __rtentry.o(.ARM.Collect$$rtentry$$00000000)
    __rt_entry_presh_1                       0x08000229   Thumb Code     0  __rtentry2.o(.ARM.Collect$$rtentry$$00000002)
    __rt_entry_sh                            0x08000229   Thumb Code     0  __rtentry4.o(.ARM.Collect$$rtentry$$00000004)
    __rt_entry_li                            0x0800022f   Thumb Code     0  __rtentry2.o(.ARM.Collect$$rtentry$$0000000A)
    __rt_entry_postsh_1                      0x0800022f   Thumb Code     0  __rtentry2.o(.ARM.Collect$$rtentry$$00000009)
    __rt_entry_main                          0x08000233   Thumb Code     0  __rtentry2.o(.ARM.Collect$$rtentry$$0000000D)
    __rt_entry_postli_1                      0x08000233   Thumb Code     0  __rtentry2.o(.ARM.Collect$$rtentry$$0000000C)
    __rt_exit                                0x0800023b   Thumb Code     0  rtexit.o(.ARM.Collect$$rtexit$$00000000)
    __rt_exit_ls                             0x0800023d   Thumb Code     0  rtexit2.o(.ARM.Collect$$rtexit$$00000003)
    __rt_exit_prels_1                        0x0800023d   Thumb Code     0  rtexit2.o(.ARM.Collect$$rtexit$$00000002)
    __rt_exit_exit                           0x08000241   Thumb Code     0  rtexit2.o(.ARM.Collect$$rtexit$$00000004)
    _show_info                               0x08000249   Thumb Code   166  main.o(.text)
    main                                     0x080002ef   Thumb Code   496  main.o(.text)
    NMI_Handler                              0x08000579   Thumb Code     2  stm32f4xx_it.o(.text)
    HardFault_Handler                        0x0800057b   Thumb Code     4  stm32f4xx_it.o(.text)
    MemManage_Handler                        0x0800057f   Thumb Code     4  stm32f4xx_it.o(.text)
    BusFault_Handler                         0x08000583   Thumb Code     4  stm32f4xx_it.o(.text)
    UsageFault_Handler                       0x08000587   Thumb Code     4  stm32f4xx_it.o(.text)
    SVC_Handler                              0x0800058b   Thumb Code     2  stm32f4xx_it.o(.text)
    DebugMon_Handler                         0x0800058d   Thumb Code     2  stm32f4xx_it.o(.text)
    PendSV_Handler                           0x0800058f   Thumb Code     2  stm32f4xx_it.o(.text)
    SysTick_Handler                          0x08000591   Thumb Code     2  stm32f4xx_it.o(.text)
    SystemInit                               0x08000671   Thumb Code    88  system_stm32f4xx.o(.text)
    SystemCoreClockUpdate                    0x080006c9   Thumb Code   174  system_stm32f4xx.o(.text)
    Reset_Handler                            0x080007a5   Thumb Code     8  startup_stm32f40_41xxx.o(.text)
    ADC_IRQHandler                           0x080007bf   Thumb Code     0  startup_stm32f40_41xxx.o(.text)
    CAN1_RX0_IRQHandler                      0x080007bf   Thumb Code     0  startup_stm32f40_41xxx.o(.text)
    CAN1_RX1_IRQHandler                      0x080007bf   Thumb Code     0  startup_stm32f40_41xxx.o(.text)
    CAN1_SCE_IRQHandler                      0x080007bf   Thumb Code     0  startup_stm32f40_41xxx.o(.text)
    CAN1_TX_IRQHandler                       0x080007bf   Thumb Code     0  startup_stm32f40_41xxx.o(.text)
    CAN2_RX0_IRQHandler                      0x080007bf   Thumb Code     0  startup_stm32f40_41xxx.o(.text)
    CAN2_RX1_IRQHandler                      0x080007bf   Thumb Code     0  startup_stm32f40_41xxx.o(.text)
    CAN2_SCE_IRQHandler                      0x080007bf   Thumb Code     0  startup_stm32f40_41xxx.o(.text)
    CAN2_TX_IRQHandler                       0x080007bf   Thumb Code     0  startup_stm32f40_41xxx.o(.text)
    CRYP_IRQHandler                          0x080007bf   Thumb Code     0  startup_stm32f40_41xxx.o(.text)
    DCMI_IRQHandler                          0x080007bf   Thumb Code     0  startup_stm32f40_41xxx.o(.text)
    DMA1_Stream0_IRQHandler                  0x080007bf   Thumb Code     0  startup_stm32f40_41xxx.o(.text)
    DMA1_Stream1_IRQHandler                  0x080007bf   Thumb Code     0  startup_stm32f40_41xxx.o(.text)
    DMA1_Stream2_IRQHandler                  0x080007bf   Thumb Code     0  startup_stm32f40_41xxx.o(.text)
    DMA1_Stream3_IRQHandler                  0x080007bf   Thumb Code     0  startup_stm32f40_41xxx.o(.text)
    DMA1_Stream4_IRQHandler                  0x080007bf   Thumb Code     0  startup_stm32f40_41xxx.o(.text)
    DMA1_Stream5_IRQHandler                  0x080007bf   Thumb Code     0  startup_stm32f40_41xxx.o(.text)
    DMA1_Stream6_IRQHandler                  0x080007bf   Thumb Code     0  startup_stm32f40_41xxx.o(.text)
    DMA1_Stream7_IRQHandler                  0x080007bf   Thumb Code     0  startup_stm32f40_41xxx.o(.text)
    DMA2_Stream0_IRQHandler                  0x080007bf   Thumb Code     0  startup_stm32f40_41xxx.o(.text)
    DMA2_Stream1_IRQHandler                  0x080007bf   Thumb Code     0  startup_stm32f40_41xxx.o(.text)
    DMA2_Stream2_IRQHandler                  0x080007bf   Thumb Code     0  startup_stm32f40_41xxx.o(.text)
    DMA2_Stream3_IRQHandler                  0x080007bf   Thumb Code     0  startup_stm32f40_41xxx.o(.text)
    DMA2_Stream4_IRQHandler                  0x080007bf   Thumb Code     0  startup_stm32f40_41xxx.o(.text)
    DMA2_Stream5_IRQHandler                  0x080007bf   Thumb Code     0  startup_stm32f40_41xxx.o(.text)
    DMA2_Stream6_IRQHandler                  0x080007bf   Thumb Code     0  startup_stm32f40_41xxx.o(.text)
    DMA2_Stream7_IRQHandler                  0x080007bf   Thumb Code     0  startup_stm32f40_41xxx.o(.text)
    ETH_IRQHandler                           0x080007bf   Thumb Code     0  startup_stm32f40_41xxx.o(.text)
    ETH_WKUP_IRQHandler                      0x080007bf   Thumb Code     0  startup_stm32f40_41xxx.o(.text)
    EXTI15_10_IRQHandler                     0x080007bf   Thumb Code     0  startup_stm32f40_41xxx.o(.text)
    EXTI1_IRQHandler                         0x080007bf   Thumb Code     0  startup_stm32f40_41xxx.o(.text)
    EXTI9_5_IRQHandler                       0x080007bf   Thumb Code     0  startup_stm32f40_41xxx.o(.text)
    FLASH_IRQHandler                         0x080007bf   Thumb Code     0  startup_stm32f40_41xxx.o(.text)
    FPU_IRQHandler                           0x080007bf   Thumb Code     0  startup_stm32f40_41xxx.o(.text)
    FSMC_IRQHandler                          0x080007bf   Thumb Code     0  startup_stm32f40_41xxx.o(.text)
    HASH_RNG_IRQHandler                      0x080007bf   Thumb Code     0  startup_stm32f40_41xxx.o(.text)
    I2C1_ER_IRQHandler                       0x080007bf   Thumb Code     0  startup_stm32f40_41xxx.o(.text)
    I2C1_EV_IRQHandler                       0x080007bf   Thumb Code     0  startup_stm32f40_41xxx.o(.text)
    I2C2_ER_IRQHandler                       0x080007bf   Thumb Code     0  startup_stm32f40_41xxx.o(.text)
    I2C2_EV_IRQHandler                       0x080007bf   Thumb Code     0  startup_stm32f40_41xxx.o(.text)
    I2C3_ER_IRQHandler                       0x080007bf   Thumb Code     0  startup_stm32f40_41xxx.o(.text)
    I2C3_EV_IRQHandler                       0x080007bf   Thumb Code     0  startup_stm32f40_41xxx.o(.text)
    OTG_FS_IRQHandler                        0x080007bf   Thumb Code     0  startup_stm32f40_41xxx.o(.text)
    OTG_FS_WKUP_IRQHandler                   0x080007bf   Thumb Code     0  startup_stm32f40_41xxx.o(.text)
    OTG_HS_EP1_IN_IRQHandler                 0x080007bf   Thumb Code     0  startup_stm32f40_41xxx.o(.text)
    OTG_HS_EP1_OUT_IRQHandler                0x080007bf   Thumb Code     0  startup_stm32f40_41xxx.o(.text)
    OTG_HS_IRQHandler                        0x080007bf   Thumb Code     0  startup_stm32f40_41xxx.o(.text)
    OTG_HS_WKUP_IRQHandler                   0x080007bf   Thumb Code     0  startup_stm32f40_41xxx.o(.text)
    PVD_IRQHandler                           0x080007bf   Thumb Code     0  startup_stm32f40_41xxx.o(.text)
    RCC_IRQHandler                           0x080007bf   Thumb Code     0  startup_stm32f40_41xxx.o(.text)
    RTC_Alarm_IRQHandler                     0x080007bf   Thumb Code     0  startup_stm32f40_41xxx.o(.text)
    RTC_WKUP_IRQHandler                      0x080007bf   Thumb Code     0  startup_stm32f40_41xxx.o(.text)
    SDIO_IRQHandler                          0x080007bf   Thumb Code     0  startup_stm32f40_41xxx.o(.text)
    SPI1_IRQHandler                          0x080007bf   Thumb Code     0  startup_stm32f40_41xxx.o(.text)
    SPI2_IRQHandler                          0x080007bf   Thumb Code     0  startup_stm32f40_41xxx.o(.text)
    SPI3_IRQHandler                          0x080007bf   Thumb Code     0  startup_stm32f40_41xxx.o(.text)
    TAMP_STAMP_IRQHandler                    0x080007bf   Thumb Code     0  startup_stm32f40_41xxx.o(.text)
    TIM1_BRK_TIM9_IRQHandler                 0x080007bf   Thumb Code     0  startup_stm32f40_41xxx.o(.text)
    TIM1_TRG_COM_TIM11_IRQHandler            0x080007bf   Thumb Code     0  startup_stm32f40_41xxx.o(.text)
    TIM2_IRQHandler                          0x080007bf   Thumb Code     0  startup_stm32f40_41xxx.o(.text)
    TIM3_IRQHandler                          0x080007bf   Thumb Code     0  startup_stm32f40_41xxx.o(.text)
    TIM4_IRQHandler                          0x080007bf   Thumb Code     0  startup_stm32f40_41xxx.o(.text)
    TIM5_IRQHandler                          0x080007bf   Thumb Code     0  startup_stm32f40_41xxx.o(.text)
    TIM6_DAC_IRQHandler                      0x080007bf   Thumb Code     0  startup_stm32f40_41xxx.o(.text)
    TIM7_IRQHandler                          0x080007bf   Thumb Code     0  startup_stm32f40_41xxx.o(.text)
    TIM8_BRK_TIM12_IRQHandler                0x080007bf   Thumb Code     0  startup_stm32f40_41xxx.o(.text)
    TIM8_CC_IRQHandler                       0x080007bf   Thumb Code     0  startup_stm32f40_41xxx.o(.text)
    TIM8_TRG_COM_TIM14_IRQHandler            0x080007bf   Thumb Code     0  startup_stm32f40_41xxx.o(.text)
    TIM8_UP_TIM13_IRQHandler                 0x080007bf   Thumb Code     0  startup_stm32f40_41xxx.o(.text)
    UART4_IRQHandler                         0x080007bf   Thumb Code     0  startup_stm32f40_41xxx.o(.text)
    UART5_IRQHandler                         0x080007bf   Thumb Code     0  startup_stm32f40_41xxx.o(.text)
    USART2_IRQHandler                        0x080007bf   Thumb Code     0  startup_stm32f40_41xxx.o(.text)
    USART3_IRQHandler                        0x080007bf   Thumb Code     0  startup_stm32f40_41xxx.o(.text)
    USART6_IRQHandler                        0x080007bf   Thumb Code     0  startup_stm32f40_41xxx.o(.text)
    WWDG_IRQHandler                          0x080007bf   Thumb Code     0  startup_stm32f40_41xxx.o(.text)
    __user_initial_stackheap                 0x080007c1   Thumb Code     0  startup_stm32f40_41xxx.o(.text)
    NVIC_PriorityGroupConfig                 0x080007e5   Thumb Code    10  misc.o(.text)
    NVIC_Init                                0x080007ef   Thumb Code   106  misc.o(.text)
    NVIC_SetVectorTable                      0x08000859   Thumb Code    14  misc.o(.text)
    NVIC_SystemLPConfig                      0x08000867   Thumb Code    34  misc.o(.text)
    SysTick_CLKSourceConfig                  0x08000889   Thumb Code    40  misc.o(.text)
    EXTI_DeInit                              0x080008c5   Thumb Code    28  stm32f4xx_exti.o(.text)
    EXTI_Init                                0x080008e1   Thumb Code   142  stm32f4xx_exti.o(.text)
    EXTI_StructInit                          0x0800096f   Thumb Code    16  stm32f4xx_exti.o(.text)
    EXTI_GenerateSWInterrupt                 0x0800097f   Thumb Code    16  stm32f4xx_exti.o(.text)
    EXTI_GetFlagStatus                       0x0800098f   Thumb Code    22  stm32f4xx_exti.o(.text)
    EXTI_ClearFlag                           0x080009a5   Thumb Code     8  stm32f4xx_exti.o(.text)
    EXTI_GetITStatus                         0x080009ad   Thumb Code    22  stm32f4xx_exti.o(.text)
    EXTI_ClearITPendingBit                   0x080009c3   Thumb Code     8  stm32f4xx_exti.o(.text)
    FSMC_NORSRAMDeInit                       0x080009d5   Thumb Code    54  stm32f4xx_fsmc.o(.text)
    FSMC_NORSRAMInit                         0x08000a0b   Thumb Code   230  stm32f4xx_fsmc.o(.text)
    FSMC_NORSRAMStructInit                   0x08000af1   Thumb Code    48  stm32f4xx_fsmc.o(.text)
    FSMC_NORSRAMCmd                          0x08000b21   Thumb Code    46  stm32f4xx_fsmc.o(.text)
    FSMC_NANDDeInit                          0x08000b4f   Thumb Code    62  stm32f4xx_fsmc.o(.text)
    FSMC_NANDInit                            0x08000b8d   Thumb Code   132  stm32f4xx_fsmc.o(.text)
    FSMC_NANDStructInit                      0x08000c11   Thumb Code    54  stm32f4xx_fsmc.o(.text)
    FSMC_NANDCmd                             0x08000c47   Thumb Code    86  stm32f4xx_fsmc.o(.text)
    FSMC_NANDECCCmd                          0x08000c9d   Thumb Code    86  stm32f4xx_fsmc.o(.text)
    FSMC_GetECC                              0x08000cf3   Thumb Code    24  stm32f4xx_fsmc.o(.text)
    FSMC_PCCARDDeInit                        0x08000d0b   Thumb Code    36  stm32f4xx_fsmc.o(.text)
    FSMC_PCCARDInit                          0x08000d2f   Thumb Code   130  stm32f4xx_fsmc.o(.text)
    FSMC_PCCARDStructInit                    0x08000db1   Thumb Code    60  stm32f4xx_fsmc.o(.text)
    FSMC_PCCARDCmd                           0x08000ded   Thumb Code    44  stm32f4xx_fsmc.o(.text)
    FSMC_ITConfig                            0x08000e19   Thumb Code   128  stm32f4xx_fsmc.o(.text)
    FSMC_GetFlagStatus                       0x08000e99   Thumb Code    54  stm32f4xx_fsmc.o(.text)
    FSMC_ClearFlag                           0x08000ecf   Thumb Code    74  stm32f4xx_fsmc.o(.text)
    FSMC_GetITStatus                         0x08000f19   Thumb Code    62  stm32f4xx_fsmc.o(.text)
    FSMC_ClearITPendingBit                   0x08000f57   Thumb Code    66  stm32f4xx_fsmc.o(.text)
    GPIO_DeInit                              0x08000f9d   Thumb Code   268  stm32f4xx_gpio.o(.text)
    GPIO_Init                                0x080010a9   Thumb Code   144  stm32f4xx_gpio.o(.text)
    GPIO_StructInit                          0x08001139   Thumb Code    18  stm32f4xx_gpio.o(.text)
    GPIO_PinLockConfig                       0x0800114b   Thumb Code    34  stm32f4xx_gpio.o(.text)
    GPIO_ReadInputDataBit                    0x0800116d   Thumb Code    18  stm32f4xx_gpio.o(.text)
    GPIO_ReadInputData                       0x0800117f   Thumb Code     8  stm32f4xx_gpio.o(.text)
    GPIO_ReadOutputDataBit                   0x08001187   Thumb Code    18  stm32f4xx_gpio.o(.text)
    GPIO_ReadOutputData                      0x08001199   Thumb Code     8  stm32f4xx_gpio.o(.text)
    GPIO_SetBits                             0x080011a1   Thumb Code     4  stm32f4xx_gpio.o(.text)
    GPIO_ResetBits                           0x080011a5   Thumb Code     4  stm32f4xx_gpio.o(.text)
    GPIO_WriteBit                            0x080011a9   Thumb Code    10  stm32f4xx_gpio.o(.text)
    GPIO_Write                               0x080011b3   Thumb Code     4  stm32f4xx_gpio.o(.text)
    GPIO_ToggleBits                          0x080011b7   Thumb Code     8  stm32f4xx_gpio.o(.text)
    GPIO_PinAFConfig                         0x080011bf   Thumb Code    70  stm32f4xx_gpio.o(.text)
    RCC_DeInit                               0x08001231   Thumb Code    82  stm32f4xx_rcc.o(.text)
    RCC_HSEConfig                            0x08001283   Thumb Code    14  stm32f4xx_rcc.o(.text)
    RCC_GetFlagStatus                        0x08001291   Thumb Code    60  stm32f4xx_rcc.o(.text)
    RCC_WaitForHSEStartUp                    0x080012cd   Thumb Code    56  stm32f4xx_rcc.o(.text)
    RCC_AdjustHSICalibrationValue            0x08001305   Thumb Code    20  stm32f4xx_rcc.o(.text)
    RCC_HSICmd                               0x08001319   Thumb Code     6  stm32f4xx_rcc.o(.text)
    RCC_LSEConfig                            0x0800131f   Thumb Code    46  stm32f4xx_rcc.o(.text)
    RCC_LSICmd                               0x0800134d   Thumb Code     6  stm32f4xx_rcc.o(.text)
    RCC_PLLConfig                            0x08001353   Thumb Code    32  stm32f4xx_rcc.o(.text)
    RCC_PLLCmd                               0x08001373   Thumb Code     6  stm32f4xx_rcc.o(.text)
    RCC_PLLI2SConfig                         0x08001379   Thumb Code    14  stm32f4xx_rcc.o(.text)
    RCC_PLLI2SCmd                            0x08001387   Thumb Code     6  stm32f4xx_rcc.o(.text)
    RCC_PLLSAIConfig                         0x0800138d   Thumb Code    20  stm32f4xx_rcc.o(.text)
    RCC_PLLSAICmd                            0x080013a1   Thumb Code     6  stm32f4xx_rcc.o(.text)
    RCC_ClockSecuritySystemCmd               0x080013a7   Thumb Code     6  stm32f4xx_rcc.o(.text)
    RCC_MCO1Config                           0x080013ad   Thumb Code    28  stm32f4xx_rcc.o(.text)
    RCC_MCO2Config                           0x080013c9   Thumb Code    28  stm32f4xx_rcc.o(.text)
    RCC_SYSCLKConfig                         0x080013e5   Thumb Code    20  stm32f4xx_rcc.o(.text)
    RCC_GetSYSCLKSource                      0x080013f9   Thumb Code    12  stm32f4xx_rcc.o(.text)
    RCC_HCLKConfig                           0x08001405   Thumb Code    20  stm32f4xx_rcc.o(.text)
    RCC_PCLK1Config                          0x08001419   Thumb Code    20  stm32f4xx_rcc.o(.text)
    RCC_PCLK2Config                          0x0800142d   Thumb Code    22  stm32f4xx_rcc.o(.text)
    RCC_GetClocksFreq                        0x08001443   Thumb Code   222  stm32f4xx_rcc.o(.text)
    RCC_RTCCLKConfig                         0x08001521   Thumb Code    54  stm32f4xx_rcc.o(.text)
    RCC_RTCCLKCmd                            0x08001557   Thumb Code     8  stm32f4xx_rcc.o(.text)
    RCC_BackupResetCmd                       0x0800155f   Thumb Code     8  stm32f4xx_rcc.o(.text)
    RCC_I2SCLKConfig                         0x08001567   Thumb Code     6  stm32f4xx_rcc.o(.text)
    RCC_SAIPLLI2SClkDivConfig                0x0800156d   Thumb Code    26  stm32f4xx_rcc.o(.text)
    RCC_SAIPLLSAIClkDivConfig                0x08001587   Thumb Code    28  stm32f4xx_rcc.o(.text)
    RCC_SAIBlockACLKConfig                   0x080015a3   Thumb Code    20  stm32f4xx_rcc.o(.text)
    RCC_SAIBlockBCLKConfig                   0x080015b7   Thumb Code    20  stm32f4xx_rcc.o(.text)
    RCC_LTDCCLKDivConfig                     0x080015cb   Thumb Code    20  stm32f4xx_rcc.o(.text)
    RCC_TIMCLKPresConfig                     0x080015df   Thumb Code     6  stm32f4xx_rcc.o(.text)
    RCC_AHB1PeriphClockCmd                   0x080015e5   Thumb Code    34  stm32f4xx_rcc.o(.text)
    RCC_AHB2PeriphClockCmd                   0x08001607   Thumb Code    78  stm32f4xx_rcc.o(.text)
    RCC_AHB3PeriphClockCmd                   0x08001655   Thumb Code    34  stm32f4xx_rcc.o(.text)
    RCC_APB1PeriphClockCmd                   0x08001677   Thumb Code    34  stm32f4xx_rcc.o(.text)
    RCC_APB2PeriphClockCmd                   0x08001699   Thumb Code    34  stm32f4xx_rcc.o(.text)
    RCC_AHB1PeriphResetCmd                   0x080016bb   Thumb Code    34  stm32f4xx_rcc.o(.text)
    RCC_AHB2PeriphResetCmd                   0x080016dd   Thumb Code    34  stm32f4xx_rcc.o(.text)
    RCC_AHB3PeriphResetCmd                   0x080016ff   Thumb Code    34  stm32f4xx_rcc.o(.text)
    RCC_APB1PeriphResetCmd                   0x08001721   Thumb Code    34  stm32f4xx_rcc.o(.text)
    RCC_APB2PeriphResetCmd                   0x08001743   Thumb Code    34  stm32f4xx_rcc.o(.text)
    RCC_AHB1PeriphClockLPModeCmd             0x08001765   Thumb Code    34  stm32f4xx_rcc.o(.text)
    RCC_AHB2PeriphClockLPModeCmd             0x08001787   Thumb Code    34  stm32f4xx_rcc.o(.text)
    RCC_AHB3PeriphClockLPModeCmd             0x080017a9   Thumb Code    34  stm32f4xx_rcc.o(.text)
    RCC_APB1PeriphClockLPModeCmd             0x080017cb   Thumb Code    34  stm32f4xx_rcc.o(.text)
    RCC_APB2PeriphClockLPModeCmd             0x080017ed   Thumb Code    34  stm32f4xx_rcc.o(.text)
    RCC_LSEModeConfig                        0x0800180f   Thumb Code    40  stm32f4xx_rcc.o(.text)
    RCC_ITConfig                             0x08001837   Thumb Code    34  stm32f4xx_rcc.o(.text)
    RCC_ClearFlag                            0x08001859   Thumb Code    18  stm32f4xx_rcc.o(.text)
    RCC_GetITStatus                          0x0800186b   Thumb Code    22  stm32f4xx_rcc.o(.text)
    RCC_ClearITPendingBit                    0x08001881   Thumb Code     8  stm32f4xx_rcc.o(.text)
    SYSCFG_DeInit                            0x0800188d   Thumb Code    22  stm32f4xx_syscfg.o(.text)
    SYSCFG_MemoryRemapConfig                 0x080018a3   Thumb Code     6  stm32f4xx_syscfg.o(.text)
    SYSCFG_MemorySwappingBank                0x080018a9   Thumb Code     6  stm32f4xx_syscfg.o(.text)
    SYSCFG_EXTILineConfig                    0x080018af   Thumb Code    66  stm32f4xx_syscfg.o(.text)
    SYSCFG_ETH_MediaInterfaceConfig          0x080018f1   Thumb Code     8  stm32f4xx_syscfg.o(.text)
    SYSCFG_CompensationCellCmd               0x080018f9   Thumb Code     6  stm32f4xx_syscfg.o(.text)
    SYSCFG_GetCompensationCellStatus         0x080018ff   Thumb Code    22  stm32f4xx_syscfg.o(.text)
    TIM_DeInit                               0x08001921   Thumb Code   346  stm32f4xx_tim.o(.text)
    TIM_TimeBaseInit                         0x08001a7b   Thumb Code   104  stm32f4xx_tim.o(.text)
    TIM_TimeBaseStructInit                   0x08001ae3   Thumb Code    18  stm32f4xx_tim.o(.text)
    TIM_PrescalerConfig                      0x08001af5   Thumb Code     6  stm32f4xx_tim.o(.text)
    TIM_CounterModeConfig                    0x08001afb   Thumb Code    18  stm32f4xx_tim.o(.text)
    TIM_SetCounter                           0x08001b0d   Thumb Code     4  stm32f4xx_tim.o(.text)
    TIM_SetAutoreload                        0x08001b11   Thumb Code     4  stm32f4xx_tim.o(.text)
    TIM_GetCounter                           0x08001b15   Thumb Code     6  stm32f4xx_tim.o(.text)
    TIM_GetPrescaler                         0x08001b1b   Thumb Code     6  stm32f4xx_tim.o(.text)
    TIM_UpdateDisableConfig                  0x08001b21   Thumb Code    24  stm32f4xx_tim.o(.text)
    TIM_UpdateRequestConfig                  0x08001b39   Thumb Code    24  stm32f4xx_tim.o(.text)
    TIM_ARRPreloadConfig                     0x08001b51   Thumb Code    24  stm32f4xx_tim.o(.text)
    TIM_SelectOnePulseMode                   0x08001b69   Thumb Code    18  stm32f4xx_tim.o(.text)
    TIM_SetClockDivision                     0x08001b7b   Thumb Code    18  stm32f4xx_tim.o(.text)
    TIM_Cmd                                  0x08001b8d   Thumb Code    24  stm32f4xx_tim.o(.text)
    TIM_OC1Init                              0x08001ba5   Thumb Code   114  stm32f4xx_tim.o(.text)
    TIM_OC2Init                              0x08001c17   Thumb Code   154  stm32f4xx_tim.o(.text)
    TIM_OC3Init                              0x08001cb1   Thumb Code   204  stm32f4xx_tim.o(.text)
    TIM_OC4Init                              0x08001d7d   Thumb Code   112  stm32f4xx_tim.o(.text)
    TIM_OCStructInit                         0x08001ded   Thumb Code    20  stm32f4xx_tim.o(.text)
    TIM_SelectOCxM                           0x08001e01   Thumb Code    86  stm32f4xx_tim.o(.text)
    TIM_SetCompare1                          0x08001e57   Thumb Code     4  stm32f4xx_tim.o(.text)
    TIM_SetCompare2                          0x08001e5b   Thumb Code     4  stm32f4xx_tim.o(.text)
    TIM_SetCompare3                          0x08001e5f   Thumb Code     4  stm32f4xx_tim.o(.text)
    TIM_SetCompare4                          0x08001e63   Thumb Code     4  stm32f4xx_tim.o(.text)
    TIM_ForcedOC1Config                      0x08001e67   Thumb Code    18  stm32f4xx_tim.o(.text)
    TIM_ForcedOC2Config                      0x08001e79   Thumb Code    26  stm32f4xx_tim.o(.text)
    TIM_ForcedOC3Config                      0x08001e93   Thumb Code    18  stm32f4xx_tim.o(.text)
    TIM_ForcedOC4Config                      0x08001ea5   Thumb Code    26  stm32f4xx_tim.o(.text)
    TIM_OC1PreloadConfig                     0x08001ebf   Thumb Code    18  stm32f4xx_tim.o(.text)
    TIM_OC2PreloadConfig                     0x08001ed1   Thumb Code    26  stm32f4xx_tim.o(.text)
    TIM_OC3PreloadConfig                     0x08001eeb   Thumb Code    18  stm32f4xx_tim.o(.text)
    TIM_OC4PreloadConfig                     0x08001efd   Thumb Code    26  stm32f4xx_tim.o(.text)
    TIM_OC1FastConfig                        0x08001f17   Thumb Code    18  stm32f4xx_tim.o(.text)
    TIM_OC2FastConfig                        0x08001f29   Thumb Code    26  stm32f4xx_tim.o(.text)
    TIM_OC3FastConfig                        0x08001f43   Thumb Code    18  stm32f4xx_tim.o(.text)
    TIM_OC4FastConfig                        0x08001f55   Thumb Code    26  stm32f4xx_tim.o(.text)
    TIM_ClearOC1Ref                          0x08001f6f   Thumb Code    18  stm32f4xx_tim.o(.text)
    TIM_ClearOC2Ref                          0x08001f81   Thumb Code    24  stm32f4xx_tim.o(.text)
    TIM_ClearOC3Ref                          0x08001f99   Thumb Code    18  stm32f4xx_tim.o(.text)
    TIM_ClearOC4Ref                          0x08001fab   Thumb Code    24  stm32f4xx_tim.o(.text)
    TIM_OC1PolarityConfig                    0x08001fc3   Thumb Code    18  stm32f4xx_tim.o(.text)
    TIM_OC1NPolarityConfig                   0x08001fd5   Thumb Code    18  stm32f4xx_tim.o(.text)
    TIM_OC2PolarityConfig                    0x08001fe7   Thumb Code    26  stm32f4xx_tim.o(.text)
    TIM_OC2NPolarityConfig                   0x08002001   Thumb Code    26  stm32f4xx_tim.o(.text)
    TIM_OC3PolarityConfig                    0x0800201b   Thumb Code    26  stm32f4xx_tim.o(.text)
    TIM_OC3NPolarityConfig                   0x08002035   Thumb Code    26  stm32f4xx_tim.o(.text)
    TIM_OC4PolarityConfig                    0x0800204f   Thumb Code    26  stm32f4xx_tim.o(.text)
    TIM_CCxCmd                               0x08002069   Thumb Code    30  stm32f4xx_tim.o(.text)
    TIM_CCxNCmd                              0x08002087   Thumb Code    30  stm32f4xx_tim.o(.text)
    TIM_SetIC4Prescaler                      0x080020a5   Thumb Code    26  stm32f4xx_tim.o(.text)
    TIM_SetIC3Prescaler                      0x0800210f   Thumb Code    18  stm32f4xx_tim.o(.text)
    TIM_SetIC2Prescaler                      0x08002169   Thumb Code    26  stm32f4xx_tim.o(.text)
    TIM_SetIC1Prescaler                      0x080021dd   Thumb Code    18  stm32f4xx_tim.o(.text)
    TIM_ICInit                               0x08002229   Thumb Code   110  stm32f4xx_tim.o(.text)
    TIM_ICStructInit                         0x08002297   Thumb Code    18  stm32f4xx_tim.o(.text)
    TIM_PWMIConfig                           0x080022a9   Thumb Code   124  stm32f4xx_tim.o(.text)
    TIM_GetCapture1                          0x08002325   Thumb Code     6  stm32f4xx_tim.o(.text)
    TIM_GetCapture2                          0x0800232b   Thumb Code     6  stm32f4xx_tim.o(.text)
    TIM_GetCapture3                          0x08002331   Thumb Code     6  stm32f4xx_tim.o(.text)
    TIM_GetCapture4                          0x08002337   Thumb Code     6  stm32f4xx_tim.o(.text)
    TIM_BDTRConfig                           0x0800233d   Thumb Code    32  stm32f4xx_tim.o(.text)
    TIM_BDTRStructInit                       0x0800235d   Thumb Code    18  stm32f4xx_tim.o(.text)
    TIM_CtrlPWMOutputs                       0x0800236f   Thumb Code    30  stm32f4xx_tim.o(.text)
    TIM_SelectCOM                            0x0800238d   Thumb Code    24  stm32f4xx_tim.o(.text)
    TIM_CCPreloadControl                     0x080023a5   Thumb Code    24  stm32f4xx_tim.o(.text)
    TIM_ITConfig                             0x080023bd   Thumb Code    18  stm32f4xx_tim.o(.text)
    TIM_GenerateEvent                        0x080023cf   Thumb Code     4  stm32f4xx_tim.o(.text)
    TIM_GetFlagStatus                        0x080023d3   Thumb Code    18  stm32f4xx_tim.o(.text)
    TIM_ClearFlag                            0x080023e5   Thumb Code     6  stm32f4xx_tim.o(.text)
    TIM_GetITStatus                          0x080023eb   Thumb Code    34  stm32f4xx_tim.o(.text)
    TIM_ClearITPendingBit                    0x0800240d   Thumb Code     6  stm32f4xx_tim.o(.text)
    TIM_DMAConfig                            0x08002413   Thumb Code    10  stm32f4xx_tim.o(.text)
    TIM_DMACmd                               0x0800241d   Thumb Code    18  stm32f4xx_tim.o(.text)
    TIM_SelectCCDMA                          0x0800242f   Thumb Code    24  stm32f4xx_tim.o(.text)
    TIM_InternalClockConfig                  0x08002447   Thumb Code    12  stm32f4xx_tim.o(.text)
    TIM_SelectInputTrigger                   0x08002453   Thumb Code    18  stm32f4xx_tim.o(.text)
    TIM_ITRxExternalClockConfig              0x08002465   Thumb Code    24  stm32f4xx_tim.o(.text)
    TIM_TIxExternalClockConfig               0x0800247d   Thumb Code    62  stm32f4xx_tim.o(.text)
    TIM_ETRConfig                            0x080024bb   Thumb Code    28  stm32f4xx_tim.o(.text)
    TIM_ETRClockMode1Config                  0x080024d7   Thumb Code    54  stm32f4xx_tim.o(.text)
    TIM_ETRClockMode2Config                  0x0800250d   Thumb Code    32  stm32f4xx_tim.o(.text)
    TIM_SelectOutputTrigger                  0x0800252d   Thumb Code    18  stm32f4xx_tim.o(.text)
    TIM_SelectSlaveMode                      0x0800253f   Thumb Code    18  stm32f4xx_tim.o(.text)
    TIM_SelectMasterSlaveMode                0x08002551   Thumb Code    18  stm32f4xx_tim.o(.text)
    TIM_EncoderInterfaceConfig               0x08002563   Thumb Code    66  stm32f4xx_tim.o(.text)
    TIM_SelectHallSensor                     0x080025a5   Thumb Code    24  stm32f4xx_tim.o(.text)
    TIM_RemapConfig                          0x080025bd   Thumb Code     6  stm32f4xx_tim.o(.text)
    USART_DeInit                             0x080025c5   Thumb Code   206  stm32f4xx_usart.o(.text)
    USART_Init                               0x08002693   Thumb Code   204  stm32f4xx_usart.o(.text)
    USART_StructInit                         0x0800275f   Thumb Code    24  stm32f4xx_usart.o(.text)
    USART_ClockInit                          0x08002777   Thumb Code    32  stm32f4xx_usart.o(.text)
    USART_ClockStructInit                    0x08002797   Thumb Code    12  stm32f4xx_usart.o(.text)
    USART_Cmd                                0x080027a3   Thumb Code    24  stm32f4xx_usart.o(.text)
    USART_SetPrescaler                       0x080027bb   Thumb Code    16  stm32f4xx_usart.o(.text)
    USART_OverSampling8Cmd                   0x080027cb   Thumb Code    22  stm32f4xx_usart.o(.text)
    USART_OneBitMethodCmd                    0x080027e1   Thumb Code    24  stm32f4xx_usart.o(.text)
    USART_SendData                           0x080027f9   Thumb Code     8  stm32f4xx_usart.o(.text)
    USART_ReceiveData                        0x08002801   Thumb Code    10  stm32f4xx_usart.o(.text)
    USART_SetAddress                         0x0800280b   Thumb Code    18  stm32f4xx_usart.o(.text)
    USART_ReceiverWakeUpCmd                  0x0800281d   Thumb Code    24  stm32f4xx_usart.o(.text)
    USART_WakeUpConfig                       0x08002835   Thumb Code    18  stm32f4xx_usart.o(.text)
    USART_LINBreakDetectLengthConfig         0x08002847   Thumb Code    18  stm32f4xx_usart.o(.text)
    USART_LINCmd                             0x08002859   Thumb Code    24  stm32f4xx_usart.o(.text)
    USART_SendBreak                          0x08002871   Thumb Code    10  stm32f4xx_usart.o(.text)
    USART_HalfDuplexCmd                      0x0800287b   Thumb Code    24  stm32f4xx_usart.o(.text)
    USART_SetGuardTime                       0x08002893   Thumb Code    16  stm32f4xx_usart.o(.text)
    USART_SmartCardCmd                       0x080028a3   Thumb Code    24  stm32f4xx_usart.o(.text)
    USART_SmartCardNACKCmd                   0x080028bb   Thumb Code    24  stm32f4xx_usart.o(.text)
    USART_IrDAConfig                         0x080028d3   Thumb Code    18  stm32f4xx_usart.o(.text)
    USART_IrDACmd                            0x080028e5   Thumb Code    24  stm32f4xx_usart.o(.text)
    USART_DMACmd                             0x080028fd   Thumb Code    18  stm32f4xx_usart.o(.text)
    USART_ITConfig                           0x0800290f   Thumb Code    74  stm32f4xx_usart.o(.text)
    USART_GetFlagStatus                      0x08002959   Thumb Code    26  stm32f4xx_usart.o(.text)
    USART_ClearFlag                          0x08002973   Thumb Code    18  stm32f4xx_usart.o(.text)
    USART_GetITStatus                        0x08002985   Thumb Code   118  stm32f4xx_usart.o(.text)
    USART_ClearITPendingBit                  0x080029fb   Thumb Code    30  stm32f4xx_usart.o(.text)
    delay_init                               0x08002a19   Thumb Code    52  delay.o(.text)
    delay_us                                 0x08002a4d   Thumb Code    72  delay.o(.text)
    delay_xms                                0x08002a95   Thumb Code    72  delay.o(.text)
    delay_ms                                 0x08002add   Thumb Code    56  delay.o(.text)
    _sys_exit                                0x08002b1d   Thumb Code     4  usart.o(.text)
    fputc                                    0x08002b21   Thumb Code    22  usart.o(.text)
    uart_init                                0x08002b37   Thumb Code   164  usart.o(.text)
    USART1_IRQHandler                        0x08002bdb   Thumb Code   122  usart.o(.text)
    LED_Init                                 0x08002c65   Thumb Code    70  led.o(.text)
    KEY_Init                                 0x08002cb1   Thumb Code    42  key.o(.text)
    key_scan                                 0x08002cdb   Thumb Code   172  key.o(.text)
    TIM14_PWM_Init                           0x08002dd1   Thumb Code   150  pwm.o(.text)
    PWMMODE_84psc                            0x08002e67   Thumb Code   202  pwm.o(.text)
    LCD_WR_REG                               0x08002f71   Thumb Code    18  lcd.o(.text)
    LCD_WR_DATA                              0x08002f83   Thumb Code    20  lcd.o(.text)
    LCD_RD_DATA                              0x08002f97   Thumb Code    16  lcd.o(.text)
    LCD_WriteReg                             0x08002fa7   Thumb Code    14  lcd.o(.text)
    LCD_ReadReg                              0x08002fb5   Thumb Code    22  lcd.o(.text)
    LCD_WriteRAM_Prepare                     0x08002fcb   Thumb Code    10  lcd.o(.text)
    LCD_WriteRAM                             0x08002fd5   Thumb Code     8  lcd.o(.text)
    LCD_BGR2RGB                              0x08002fdd   Thumb Code    26  lcd.o(.text)
    opt_delay                                0x08002ff7   Thumb Code    14  lcd.o(.text)
    LCD_SetCursor                            0x08003005   Thumb Code   418  lcd.o(.text)
    LCD_ReadPoint                            0x080031a7   Thumb Code   360  lcd.o(.text)
    LCD_DisplayOn                            0x0800330f   Thumb Code   102  lcd.o(.text)
    LCD_DisplayOff                           0x08003375   Thumb Code    90  lcd.o(.text)
    LCD_Scan_Dir                             0x080033cf   Thumb Code   744  lcd.o(.text)
    LCD_DrawPoint                            0x080036b7   Thumb Code    28  lcd.o(.text)
    LCD_Fast_DrawPoint                       0x080036d3   Thumb Code   388  lcd.o(.text)
    LCD_SSD_BackLightSet                     0x08003857   Thumb Code    88  lcd.o(.text)
    LCD_Display_Dir                          0x080038af   Thumb Code   444  lcd.o(.text)
    LCD_Set_Window                           0x08003a6b   Thumb Code   546  lcd.o(.text)
    LCD_Clear                                0x08003c8d   Thumb Code   100  lcd.o(.text)
    LCD_Init                                 0x08003cf1   Thumb Code 14696  lcd.o(.text)
    LCD_Fill                                 0x08007659   Thumb Code   180  lcd.o(.text)
    LCD_Color_Fill                           0x0800770d   Thumb Code   100  lcd.o(.text)
    LCD_DrawLine                             0x08007771   Thumb Code   176  lcd.o(.text)
    LCD_DrawRectangle                        0x08007821   Thumb Code    60  lcd.o(.text)
    LCD_Draw_Circle                          0x0800785d   Thumb Code   152  lcd.o(.text)
    LCD_ShowChar                             0x080078f5   Thumb Code   272  lcd.o(.text)
    LCD_Pow                                  0x08007a05   Thumb Code    22  lcd.o(.text)
    LCD_ShowNum                              0x08007a1b   Thumb Code   148  lcd.o(.text)
    LCD_ShowxNum                             0x08007aaf   Thumb Code   220  lcd.o(.text)
    LCD_ShowString                           0x08007b8b   Thumb Code   102  lcd.o(.text)
    Remote_Init                              0x08007bf1   Thumb Code   218  remote.o(.text)
    TIM1_UP_TIM10_IRQHandler                 0x08007ccb   Thumb Code   112  remote.o(.text)
    TIM1_CC_IRQHandler                       0x08007d3b   Thumb Code   286  remote.o(.text)
    Remote_Scan                              0x08007e59   Thumb Code    92  remote.o(.text)
    _input_frequency                         0x08007eb5   Thumb Code  1714  remote.o(.text)
    _input_duty                              0x08008567   Thumb Code  1572  remote.o(.text)
    EXTI0_IRQHandler                         0x08008bad   Thumb Code    44  exti.o(.text)
    EXTI2_IRQHandler                         0x08008bd9   Thumb Code    46  exti.o(.text)
    EXTI3_IRQHandler                         0x08008c07   Thumb Code    46  exti.o(.text)
    EXTI4_IRQHandler                         0x08008c35   Thumb Code    66  exti.o(.text)
    EXTIX_Init                               0x08008c77   Thumb Code   222  exti.o(.text)
    __use_no_semihosting                     0x08008d65   Thumb Code     2  use_no_semi_2.o(.text)
    __2printf                                0x08008d69   Thumb Code    20  noretval__2printf.o(.text)
    __2sprintf                               0x08008d81   Thumb Code    34  noretval__2sprintf.o(.text)
    _printf_int_hex                          0x08008da9   Thumb Code    84  _printf_hex_int.o(.text)
    _printf_longlong_hex                     0x08008da9   Thumb Code     0  _printf_hex_int.o(.text)
    __printf                                 0x08008e01   Thumb Code   270  __printf_wp.o(.text)
    __aeabi_memclr4                          0x08008f0f   Thumb Code     0  rt_memclr_w.o(.text)
    __aeabi_memclr8                          0x08008f0f   Thumb Code     0  rt_memclr_w.o(.text)
    __rt_memclr_w                            0x08008f0f   Thumb Code    78  rt_memclr_w.o(.text)
    _memset_w                                0x08008f13   Thumb Code     0  rt_memclr_w.o(.text)
    __use_two_region_memory                  0x08008f5d   Thumb Code     2  heapauxi.o(.text)
    __rt_heap_escrow$2region                 0x08008f5f   Thumb Code     2  heapauxi.o(.text)
    __rt_heap_expand$2region                 0x08008f61   Thumb Code     2  heapauxi.o(.text)
    __I$use$semihosting                      0x08008f63   Thumb Code     0  use_no_semi.o(.text)
    __use_no_semihosting_swi                 0x08008f63   Thumb Code     2  use_no_semi.o(.text)
    _printf_int_common                       0x08008f65   Thumb Code   178  _printf_intcommon.o(.text)
    __lib_sel_fp_printf                      0x08009017   Thumb Code     2  _printf_fp_dec.o(.text)
    _printf_fp_dec_real                      0x080091c9   Thumb Code   620  _printf_fp_dec.o(.text)
    _printf_char_common                      0x0800943f   Thumb Code    32  _printf_char_common.o(.text)
    _sputc                                   0x08009465   Thumb Code    10  _sputc.o(.text)
    _printf_char_file                        0x08009471   Thumb Code    32  _printf_char_file.o(.text)
    __rt_locale                              0x08009495   Thumb Code     8  rt_locale_intlibspace.o(.text)
    _ll_udiv10                               0x0800949d   Thumb Code   138  lludiv10.o(.text)
    _printf_fp_infnan                        0x08009529   Thumb Code   112  _printf_fp_infnan.o(.text)
    _btod_etento                             0x080095a9   Thumb Code   224  bigflt0.o(.text)
    ferror                                   0x0800968d   Thumb Code     8  ferror.o(.text)
    __user_libspace                          0x08009695   Thumb Code     8  libspace.o(.text)
    __user_perproc_libspace                  0x08009695   Thumb Code     0  libspace.o(.text)
    __user_perthread_libspace                0x08009695   Thumb Code     0  libspace.o(.text)
    __user_setup_stackheap                   0x0800969d   Thumb Code    74  sys_stackheap_outer.o(.text)
    exit                                     0x080096e7   Thumb Code    18  exit.o(.text)
    strcmp                                   0x080096f9   Thumb Code   128  strcmpv7m.o(.text)
    _btod_d2e                                0x08009779   Thumb Code    62  btod.o(CL$$btod_d2e)
    _d2e_denorm_low                          0x080097b7   Thumb Code    70  btod.o(CL$$btod_d2e_denorm_low)
    _d2e_norm_op1                            0x080097fd   Thumb Code    96  btod.o(CL$$btod_d2e_norm_op1)
    __btod_div_common                        0x0800985d   Thumb Code   696  btod.o(CL$$btod_div_common)
    _e2e                                     0x08009b95   Thumb Code   220  btod.o(CL$$btod_e2e)
    _btod_ediv                               0x08009c71   Thumb Code    42  btod.o(CL$$btod_ediv)
    _btod_emul                               0x08009c9b   Thumb Code    42  btod.o(CL$$btod_emul)
    __btod_mult_common                       0x08009cc5   Thumb Code   580  btod.o(CL$$btod_mult_common)
    __ARM_fpclassify                         0x08009f09   Thumb Code    48  fpclassify.o(i.__ARM_fpclassify)
    _is_digit                                0x08009f39   Thumb Code    14  __printf_wp.o(i._is_digit)
    _get_lc_numeric                          0x08009f49   Thumb Code    44  lc_numeric_c.o(locale$$code)
    __aeabi_dadd                             0x08009f75   Thumb Code     0  daddsub_clz.o(x$fpl$dadd)
    _dadd                                    0x08009f75   Thumb Code   332  daddsub_clz.o(x$fpl$dadd)
    __fpl_dcmp_Inf                           0x0800a0c5   Thumb Code    24  dcmpi.o(x$fpl$dcmpinf)
    __aeabi_ddiv                             0x0800a0dd   Thumb Code     0  ddiv.o(x$fpl$ddiv)
    _ddiv                                    0x0800a0dd   Thumb Code   552  ddiv.o(x$fpl$ddiv)
    __aeabi_d2iz                             0x0800a38d   Thumb Code     0  dfix.o(x$fpl$dfix)
    _dfix                                    0x0800a38d   Thumb Code    94  dfix.o(x$fpl$dfix)
    __aeabi_d2uiz                            0x0800a3ed   Thumb Code     0  dfixu.o(x$fpl$dfixu)
    _dfixu                                   0x0800a3ed   Thumb Code    90  dfixu.o(x$fpl$dfixu)
    __aeabi_i2d                              0x0800a447   Thumb Code     0  dflt_clz.o(x$fpl$dflt)
    _dflt                                    0x0800a447   Thumb Code    46  dflt_clz.o(x$fpl$dflt)
    __aeabi_ui2d                             0x0800a475   Thumb Code     0  dflt_clz.o(x$fpl$dfltu)
    _dfltu                                   0x0800a475   Thumb Code    38  dflt_clz.o(x$fpl$dfltu)
    __aeabi_cdcmple                          0x0800a49d   Thumb Code     0  dleqf.o(x$fpl$dleqf)
    _dcmple                                  0x0800a49d   Thumb Code   120  dleqf.o(x$fpl$dleqf)
    __fpl_dcmple_InfNaN                      0x0800a4ff   Thumb Code     0  dleqf.o(x$fpl$dleqf)
    __aeabi_dmul                             0x0800a515   Thumb Code     0  dmul.o(x$fpl$dmul)
    _dmul                                    0x0800a515   Thumb Code   332  dmul.o(x$fpl$dmul)
    __fpl_dnaninf                            0x0800a669   Thumb Code   156  dnaninf.o(x$fpl$dnaninf)
    __fpl_dretinf                            0x0800a705   Thumb Code    12  dretinf.o(x$fpl$dretinf)
    __aeabi_cdrcmple                         0x0800a711   Thumb Code     0  drleqf.o(x$fpl$drleqf)
    _drcmple                                 0x0800a711   Thumb Code   108  drleqf.o(x$fpl$drleqf)
    __aeabi_drsub                            0x0800a77d   Thumb Code     0  daddsub_clz.o(x$fpl$drsb)
    _drsb                                    0x0800a77d   Thumb Code    22  daddsub_clz.o(x$fpl$drsb)
    __aeabi_dsub                             0x0800a795   Thumb Code     0  daddsub_clz.o(x$fpl$dsub)
    _dsub                                    0x0800a795   Thumb Code   464  daddsub_clz.o(x$fpl$dsub)
    _fp_init                                 0x0800a969   Thumb Code    10  fpinit.o(x$fpl$fpinit)
    __fplib_config_fpu_vfp                   0x0800a971   Thumb Code     0  fpinit.o(x$fpl$fpinit)
    __fplib_config_pureend_doubles           0x0800a971   Thumb Code     0  fpinit.o(x$fpl$fpinit)
    _printf_fp_dec                           0x0800a973   Thumb Code     4  printf1.o(x$fpl$printf1)
    __I$use$fp                               0x0800a976   Number         0  usenofp.o(x$fpl$usenofp)
    FSMC_DefaultTimingStruct                 0x0800a978   Data          28  stm32f4xx_fsmc.o(.constdata)
    asc2_1206                                0x0800a994   Data        1140  lcd.o(.constdata)
    asc2_1608                                0x0800ae08   Data        1520  lcd.o(.constdata)
    asc2_2412                                0x0800b3f8   Data        3420  lcd.o(.constdata)
    Region$$Table$$Base                      0x0800c210   Number         0  anon$$obj.o(Region$$Table)
    Region$$Table$$Limit                     0x0800c230   Number         0  anon$$obj.o(Region$$Table)
    SystemCoreClock                          0x20000000   Data           4  system_stm32f4xx.o(.data)
    AHBPrescTable                            0x20000004   Data          16  system_stm32f4xx.o(.data)
    __stdout                                 0x20000028   Data           4  usart.o(.data)
    USART_RX_STA                             0x2000002c   Data           2  usart.o(.data)
    POINT_COLOR                              0x20000034   Data           2  lcd.o(.data)
    BACK_COLOR                               0x20000036   Data           2  lcd.o(.data)
    frequency                                0x20000038   Data           8  remote.o(.data)
    duty                                     0x20000040   Data           8  remote.o(.data)
    RmtSta                                   0x20000048   Data           1  remote.o(.data)
    Dval                                     0x2000004a   Data           2  remote.o(.data)
    RmtRec                                   0x2000004c   Data           4  remote.o(.data)
    RmtCnt                                   0x20000050   Data           1  remote.o(.data)
    USART_RX_BUF                             0x20000054   Data         200  usart.o(.bss)
    lcddev                                   0x2000011c   Data          14  lcd.o(.bss)
    __libspace_start                         0x2000012c   Data          96  libspace.o(.bss)
    __temporary_stack_top$libspace           0x2000018c   Data           0  libspace.o(.bss)



==============================================================================

Memory Map of the image

  Image Entry point : 0x08000189

  Load Region LR_IROM1 (Base: 0x08000000, Size: 0x0000c2a0, Max: 0x00100000, ABSOLUTE)

    Execution Region ER_IROM1 (Exec base: 0x08000000, Load base: 0x08000000, Size: 0x0000c24c, Max: 0x00100000, ABSOLUTE)

    Exec Addr    Load Addr    Size         Type   Attr      Idx    E Section Name        Object

    0x08000000   0x08000000   0x00000188   Data   RO          243    RESET               startup_stm32f40_41xxx.o
    0x08000188   0x08000188   0x00000008   Code   RO         1269  * !!!main             c_w.l(__main.o)
    0x08000190   0x08000190   0x00000034   Code   RO         1523    !!!scatter          c_w.l(__scatter.o)
    0x080001c4   0x080001c4   0x0000001a   Code   RO         1525    !!handler_copy      c_w.l(__scatter_copy.o)
    0x080001de   0x080001de   0x00000002   PAD
    0x080001e0   0x080001e0   0x0000001c   Code   RO         1527    !!handler_zi        c_w.l(__scatter_zi.o)
    0x080001fc   0x080001fc   0x00000000   Code   RO         1264    .ARM.Collect$$_printf_percent$$00000000  c_w.l(_printf_percent.o)
    0x080001fc   0x080001fc   0x00000006   Code   RO         1263    .ARM.Collect$$_printf_percent$$00000003  c_w.l(_printf_f.o)
    0x08000202   0x08000202   0x00000006   Code   RO         1262    .ARM.Collect$$_printf_percent$$0000000C  c_w.l(_printf_x.o)
    0x08000208   0x08000208   0x00000004   Code   RO         1316    .ARM.Collect$$_printf_percent$$00000017  c_w.l(_printf_percent_end.o)
    0x0800020c   0x0800020c   0x00000002   Code   RO         1400    .ARM.Collect$$libinit$$00000000  c_w.l(libinit.o)
    0x0800020e   0x0800020e   0x00000004   Code   RO         1401    .ARM.Collect$$libinit$$00000001  c_w.l(libinit2.o)
    0x08000212   0x08000212   0x00000000   Code   RO         1404    .ARM.Collect$$libinit$$00000004  c_w.l(libinit2.o)
    0x08000212   0x08000212   0x00000000   Code   RO         1407    .ARM.Collect$$libinit$$0000000A  c_w.l(libinit2.o)
    0x08000212   0x08000212   0x00000000   Code   RO         1409    .ARM.Collect$$libinit$$0000000C  c_w.l(libinit2.o)
    0x08000212   0x08000212   0x00000000   Code   RO         1411    .ARM.Collect$$libinit$$0000000E  c_w.l(libinit2.o)
    0x08000212   0x08000212   0x00000006   Code   RO         1412    .ARM.Collect$$libinit$$0000000F  c_w.l(libinit2.o)
    0x08000218   0x08000218   0x00000000   Code   RO         1414    .ARM.Collect$$libinit$$00000011  c_w.l(libinit2.o)
    0x08000218   0x08000218   0x00000000   Code   RO         1416    .ARM.Collect$$libinit$$00000013  c_w.l(libinit2.o)
    0x08000218   0x08000218   0x00000000   Code   RO         1418    .ARM.Collect$$libinit$$00000015  c_w.l(libinit2.o)
    0x08000218   0x08000218   0x0000000a   Code   RO         1419    .ARM.Collect$$libinit$$00000016  c_w.l(libinit2.o)
    0x08000222   0x08000222   0x00000000   Code   RO         1420    .ARM.Collect$$libinit$$00000017  c_w.l(libinit2.o)
    0x08000222   0x08000222   0x00000000   Code   RO         1422    .ARM.Collect$$libinit$$00000019  c_w.l(libinit2.o)
    0x08000222   0x08000222   0x00000000   Code   RO         1424    .ARM.Collect$$libinit$$0000001B  c_w.l(libinit2.o)
    0x08000222   0x08000222   0x00000000   Code   RO         1426    .ARM.Collect$$libinit$$0000001D  c_w.l(libinit2.o)
    0x08000222   0x08000222   0x00000000   Code   RO         1428    .ARM.Collect$$libinit$$0000001F  c_w.l(libinit2.o)
    0x08000222   0x08000222   0x00000000   Code   RO         1430    .ARM.Collect$$libinit$$00000021  c_w.l(libinit2.o)
    0x08000222   0x08000222   0x00000000   Code   RO         1432    .ARM.Collect$$libinit$$00000023  c_w.l(libinit2.o)
    0x08000222   0x08000222   0x00000000   Code   RO         1434    .ARM.Collect$$libinit$$00000025  c_w.l(libinit2.o)
    0x08000222   0x08000222   0x00000000   Code   RO         1438    .ARM.Collect$$libinit$$0000002C  c_w.l(libinit2.o)
    0x08000222   0x08000222   0x00000000   Code   RO         1440    .ARM.Collect$$libinit$$0000002E  c_w.l(libinit2.o)
    0x08000222   0x08000222   0x00000000   Code   RO         1442    .ARM.Collect$$libinit$$00000030  c_w.l(libinit2.o)
    0x08000222   0x08000222   0x00000000   Code   RO         1444    .ARM.Collect$$libinit$$00000032  c_w.l(libinit2.o)
    0x08000222   0x08000222   0x00000002   Code   RO         1445    .ARM.Collect$$libinit$$00000033  c_w.l(libinit2.o)
    0x08000224   0x08000224   0x00000002   Code   RO         1473    .ARM.Collect$$libshutdown$$00000000  c_w.l(libshutdown.o)
    0x08000226   0x08000226   0x00000000   Code   RO         1482    .ARM.Collect$$libshutdown$$00000002  c_w.l(libshutdown2.o)
    0x08000226   0x08000226   0x00000000   Code   RO         1484    .ARM.Collect$$libshutdown$$00000004  c_w.l(libshutdown2.o)
    0x08000226   0x08000226   0x00000000   Code   RO         1487    .ARM.Collect$$libshutdown$$00000007  c_w.l(libshutdown2.o)
    0x08000226   0x08000226   0x00000000   Code   RO         1490    .ARM.Collect$$libshutdown$$0000000A  c_w.l(libshutdown2.o)
    0x08000226   0x08000226   0x00000000   Code   RO         1492    .ARM.Collect$$libshutdown$$0000000C  c_w.l(libshutdown2.o)
    0x08000226   0x08000226   0x00000000   Code   RO         1495    .ARM.Collect$$libshutdown$$0000000F  c_w.l(libshutdown2.o)
    0x08000226   0x08000226   0x00000002   Code   RO         1496    .ARM.Collect$$libshutdown$$00000010  c_w.l(libshutdown2.o)
    0x08000228   0x08000228   0x00000000   Code   RO         1305    .ARM.Collect$$rtentry$$00000000  c_w.l(__rtentry.o)
    0x08000228   0x08000228   0x00000000   Code   RO         1325    .ARM.Collect$$rtentry$$00000002  c_w.l(__rtentry2.o)
    0x08000228   0x08000228   0x00000006   Code   RO         1337    .ARM.Collect$$rtentry$$00000004  c_w.l(__rtentry4.o)
    0x0800022e   0x0800022e   0x00000000   Code   RO         1327    .ARM.Collect$$rtentry$$00000009  c_w.l(__rtentry2.o)
    0x0800022e   0x0800022e   0x00000004   Code   RO         1328    .ARM.Collect$$rtentry$$0000000A  c_w.l(__rtentry2.o)
    0x08000232   0x08000232   0x00000000   Code   RO         1330    .ARM.Collect$$rtentry$$0000000C  c_w.l(__rtentry2.o)
    0x08000232   0x08000232   0x00000008   Code   RO         1331    .ARM.Collect$$rtentry$$0000000D  c_w.l(__rtentry2.o)
    0x0800023a   0x0800023a   0x00000002   Code   RO         1446    .ARM.Collect$$rtexit$$00000000  c_w.l(rtexit.o)
    0x0800023c   0x0800023c   0x00000000   Code   RO         1453    .ARM.Collect$$rtexit$$00000002  c_w.l(rtexit2.o)
    0x0800023c   0x0800023c   0x00000004   Code   RO         1454    .ARM.Collect$$rtexit$$00000003  c_w.l(rtexit2.o)
    0x08000240   0x08000240   0x00000006   Code   RO         1455    .ARM.Collect$$rtexit$$00000004  c_w.l(rtexit2.o)
    0x08000246   0x08000246   0x00000002   PAD
    0x08000248   0x08000248   0x00000330   Code   RO            3    .text               main.o
    0x08000578   0x08000578   0x0000001a   Code   RO          168    .text               stm32f4xx_it.o
    0x08000592   0x08000592   0x00000002   PAD
    0x08000594   0x08000594   0x00000210   Code   RO          217    .text               system_stm32f4xx.o
    0x080007a4   0x080007a4   0x00000040   Code   RO          244    .text               startup_stm32f40_41xxx.o
    0x080007e4   0x080007e4   0x000000e0   Code   RO          250    .text               misc.o
    0x080008c4   0x080008c4   0x00000110   Code   RO          513    .text               stm32f4xx_exti.o
    0x080009d4   0x080009d4   0x000005c8   Code   RO          576    .text               stm32f4xx_fsmc.o
    0x08000f9c   0x08000f9c   0x00000294   Code   RO          599    .text               stm32f4xx_gpio.o
    0x08001230   0x08001230   0x0000065c   Code   RO          762    .text               stm32f4xx_rcc.o
    0x0800188c   0x0800188c   0x00000094   Code   RO          887    .text               stm32f4xx_syscfg.o
    0x08001920   0x08001920   0x00000ca2   Code   RO          907    .text               stm32f4xx_tim.o
    0x080025c2   0x080025c2   0x00000002   PAD
    0x080025c4   0x080025c4   0x00000454   Code   RO          927    .text               stm32f4xx_usart.o
    0x08002a18   0x08002a18   0x00000104   Code   RO          967    .text               delay.o
    0x08002b1c   0x08002b1c   0x00000148   Code   RO         1007    .text               usart.o
    0x08002c64   0x08002c64   0x0000004c   Code   RO         1038    .text               led.o
    0x08002cb0   0x08002cb0   0x00000120   Code   RO         1078    .text               key.o
    0x08002dd0   0x08002dd0   0x000001a0   Code   RO         1099    .text               pwm.o
    0x08002f70   0x08002f70   0x00004c80   Code   RO         1125    .text               lcd.o
    0x08007bf0   0x08007bf0   0x00000fbc   Code   RO         1163    .text               remote.o
    0x08008bac   0x08008bac   0x000001b8   Code   RO         1189    .text               exti.o
    0x08008d64   0x08008d64   0x00000002   Code   RO         1209    .text               c_w.l(use_no_semi_2.o)
    0x08008d66   0x08008d66   0x00000002   PAD
    0x08008d68   0x08008d68   0x00000018   Code   RO         1215    .text               c_w.l(noretval__2printf.o)
    0x08008d80   0x08008d80   0x00000028   Code   RO         1217    .text               c_w.l(noretval__2sprintf.o)
    0x08008da8   0x08008da8   0x00000058   Code   RO         1224    .text               c_w.l(_printf_hex_int.o)
    0x08008e00   0x08008e00   0x0000010e   Code   RO         1250    .text               c_w.l(__printf_wp.o)
    0x08008f0e   0x08008f0e   0x0000004e   Code   RO         1265    .text               c_w.l(rt_memclr_w.o)
    0x08008f5c   0x08008f5c   0x00000006   Code   RO         1267    .text               c_w.l(heapauxi.o)
    0x08008f62   0x08008f62   0x00000002   Code   RO         1303    .text               c_w.l(use_no_semi.o)
    0x08008f64   0x08008f64   0x000000b2   Code   RO         1306    .text               c_w.l(_printf_intcommon.o)
    0x08009016   0x08009016   0x0000041e   Code   RO         1308    .text               c_w.l(_printf_fp_dec.o)
    0x08009434   0x08009434   0x00000030   Code   RO         1310    .text               c_w.l(_printf_char_common.o)
    0x08009464   0x08009464   0x0000000a   Code   RO         1312    .text               c_w.l(_sputc.o)
    0x0800946e   0x0800946e   0x00000002   PAD
    0x08009470   0x08009470   0x00000024   Code   RO         1314    .text               c_w.l(_printf_char_file.o)
    0x08009494   0x08009494   0x00000008   Code   RO         1342    .text               c_w.l(rt_locale_intlibspace.o)
    0x0800949c   0x0800949c   0x0000008a   Code   RO         1344    .text               c_w.l(lludiv10.o)
    0x08009526   0x08009526   0x00000002   PAD
    0x08009528   0x08009528   0x00000080   Code   RO         1346    .text               c_w.l(_printf_fp_infnan.o)
    0x080095a8   0x080095a8   0x000000e4   Code   RO         1350    .text               c_w.l(bigflt0.o)
    0x0800968c   0x0800968c   0x00000008   Code   RO         1375    .text               c_w.l(ferror.o)
    0x08009694   0x08009694   0x00000008   Code   RO         1386    .text               c_w.l(libspace.o)
    0x0800969c   0x0800969c   0x0000004a   Code   RO         1389    .text               c_w.l(sys_stackheap_outer.o)
    0x080096e6   0x080096e6   0x00000012   Code   RO         1391    .text               c_w.l(exit.o)
    0x080096f8   0x080096f8   0x00000080   Code   RO         1393    .text               c_w.l(strcmpv7m.o)
    0x08009778   0x08009778   0x0000003e   Code   RO         1353    CL$$btod_d2e        c_w.l(btod.o)
    0x080097b6   0x080097b6   0x00000046   Code   RO         1355    CL$$btod_d2e_denorm_low  c_w.l(btod.o)
    0x080097fc   0x080097fc   0x00000060   Code   RO         1354    CL$$btod_d2e_norm_op1  c_w.l(btod.o)
    0x0800985c   0x0800985c   0x00000338   Code   RO         1363    CL$$btod_div_common  c_w.l(btod.o)
    0x08009b94   0x08009b94   0x000000dc   Code   RO         1360    CL$$btod_e2e        c_w.l(btod.o)
    0x08009c70   0x08009c70   0x0000002a   Code   RO         1357    CL$$btod_ediv       c_w.l(btod.o)
    0x08009c9a   0x08009c9a   0x0000002a   Code   RO         1356    CL$$btod_emul       c_w.l(btod.o)
    0x08009cc4   0x08009cc4   0x00000244   Code   RO         1362    CL$$btod_mult_common  c_w.l(btod.o)
    0x08009f08   0x08009f08   0x00000030   Code   RO         1384    i.__ARM_fpclassify  m_wm.l(fpclassify.o)
    0x08009f38   0x08009f38   0x0000000e   Code   RO         1252    i._is_digit         c_w.l(__printf_wp.o)
    0x08009f46   0x08009f46   0x00000002   PAD
    0x08009f48   0x08009f48   0x0000002c   Code   RO         1380    locale$$code        c_w.l(lc_numeric_c.o)
    0x08009f74   0x08009f74   0x00000150   Code   RO         1271    x$fpl$dadd          fz_wm.l(daddsub_clz.o)
    0x0800a0c4   0x0800a0c4   0x00000018   Code   RO         1317    x$fpl$dcmpinf       fz_wm.l(dcmpi.o)
    0x0800a0dc   0x0800a0dc   0x000002b0   Code   RO         1278    x$fpl$ddiv          fz_wm.l(ddiv.o)
    0x0800a38c   0x0800a38c   0x0000005e   Code   RO         1281    x$fpl$dfix          fz_wm.l(dfix.o)
    0x0800a3ea   0x0800a3ea   0x00000002   PAD
    0x0800a3ec   0x0800a3ec   0x0000005a   Code   RO         1285    x$fpl$dfixu         fz_wm.l(dfixu.o)
    0x0800a446   0x0800a446   0x0000002e   Code   RO         1290    x$fpl$dflt          fz_wm.l(dflt_clz.o)
    0x0800a474   0x0800a474   0x00000026   Code   RO         1289    x$fpl$dfltu         fz_wm.l(dflt_clz.o)
    0x0800a49a   0x0800a49a   0x00000002   PAD
    0x0800a49c   0x0800a49c   0x00000078   Code   RO         1295    x$fpl$dleqf         fz_wm.l(dleqf.o)
    0x0800a514   0x0800a514   0x00000154   Code   RO         1297    x$fpl$dmul          fz_wm.l(dmul.o)
    0x0800a668   0x0800a668   0x0000009c   Code   RO         1319    x$fpl$dnaninf       fz_wm.l(dnaninf.o)
    0x0800a704   0x0800a704   0x0000000c   Code   RO         1321    x$fpl$dretinf       fz_wm.l(dretinf.o)
    0x0800a710   0x0800a710   0x0000006c   Code   RO         1299    x$fpl$drleqf        fz_wm.l(drleqf.o)
    0x0800a77c   0x0800a77c   0x00000016   Code   RO         1272    x$fpl$drsb          fz_wm.l(daddsub_clz.o)
    0x0800a792   0x0800a792   0x00000002   PAD
    0x0800a794   0x0800a794   0x000001d4   Code   RO         1273    x$fpl$dsub          fz_wm.l(daddsub_clz.o)
    0x0800a968   0x0800a968   0x0000000a   Code   RO         1450    x$fpl$fpinit        fz_wm.l(fpinit.o)
    0x0800a972   0x0800a972   0x00000004   Code   RO         1301    x$fpl$printf1       fz_wm.l(printf1.o)
    0x0800a976   0x0800a976   0x00000000   Code   RO         1323    x$fpl$usenofp       fz_wm.l(usenofp.o)
    0x0800a976   0x0800a976   0x00000002   PAD
    0x0800a978   0x0800a978   0x0000001c   Data   RO          577    .constdata          stm32f4xx_fsmc.o
    0x0800a994   0x0800a994   0x000017c0   Data   RO         1127    .constdata          lcd.o
    0x0800c154   0x0800c154   0x00000028   Data   RO         1225    .constdata          c_w.l(_printf_hex_int.o)
    0x0800c17c   0x0800c17c   0x00000094   Data   RO         1351    .constdata          c_w.l(bigflt0.o)
    0x0800c210   0x0800c210   0x00000020   Data   RO         1521    Region$$Table       anon$$obj.o
    0x0800c230   0x0800c230   0x0000001c   Data   RO         1379    locale$$data        c_w.l(lc_numeric_c.o)


    Execution Region RW_IRAM1 (Exec base: 0x20000000, Load base: 0x0800c24c, Size: 0x00000790, Max: 0x00020000, ABSOLUTE)

    Exec Addr    Load Addr    Size         Type   Attr      Idx    E Section Name        Object

    0x20000000   0x0800c24c   0x00000014   Data   RW          218    .data               system_stm32f4xx.o
    0x20000014   0x0800c260   0x00000010   Data   RW          763    .data               stm32f4xx_rcc.o
    0x20000024   0x0800c270   0x00000004   Data   RW          968    .data               delay.o
    0x20000028   0x0800c274   0x00000006   Data   RW         1009    .data               usart.o
    0x2000002e   0x0800c27a   0x00000002   PAD
    0x20000030   0x0800c27c   0x00000004   Data   RW         1079    .data               key.o
    0x20000034   0x0800c280   0x00000004   Data   RW         1128    .data               lcd.o
    0x20000038   0x0800c284   0x00000019   Data   RW         1164    .data               remote.o
    0x20000051   0x0800c29d   0x00000003   PAD
    0x20000054        -       0x000000c8   Zero   RW         1008    .bss                usart.o
    0x2000011c        -       0x0000000e   Zero   RW         1126    .bss                lcd.o
    0x2000012a   0x0800c29d   0x00000002   PAD
    0x2000012c        -       0x00000060   Zero   RW         1387    .bss                c_w.l(libspace.o)
    0x2000018c   0x0800c29d   0x00000004   PAD
    0x20000190        -       0x00000200   Zero   RW          242    HEAP                startup_stm32f40_41xxx.o
    0x20000390        -       0x00000400   Zero   RW          241    STACK               startup_stm32f40_41xxx.o


==============================================================================

Image component sizes


      Code (inc. data)   RO Data    RW Data    ZI Data      Debug   Object Name

       260          8          0          4          0       1469   delay.o
       440         16          0          0          0       1245   exti.o
       288         74          0          4          0        836   key.o
     19584        174       6080          4         14      22838   lcd.o
        76          6          0          0          0        511   led.o
       816        154          0          0          0     292686   main.o
       224         20          0          0          0       1805   misc.o
       416         64          0          0          0       1159   pwm.o
      4028        318          0         25          0       3802   remote.o
        64         26        392          0       1536        824   startup_stm32f40_41xxx.o
       272         10          0          0          0       2271   stm32f4xx_exti.o
      1480         18         28          0          0       5630   stm32f4xx_fsmc.o
       660         44          0          0          0       4145   stm32f4xx_gpio.o
        26          0          0          0          0       1214   stm32f4xx_it.o
      1628         52          0         16          0      13016   stm32f4xx_rcc.o
       148         12          0          0          0       1837   stm32f4xx_syscfg.o
      3234         60          0          0          0      23000   stm32f4xx_tim.o
      1108         34          0          0          0       7868   stm32f4xx_usart.o
       528         46          0         20          0       1759   system_stm32f4xx.o
       328         16          0          6        200       3278   usart.o

    ----------------------------------------------------------------------
     35612       1152       6532         84       1752     391193   Object Totals
         0          0         32          0          0          0   (incl. Generated)
         4          0          0          5          2          0   (incl. Padding)

    ----------------------------------------------------------------------

      Code (inc. data)   RO Data    RW Data    ZI Data      Debug   Library Member Name

         8          0          0          0          0         68   __main.o
       284          0          0          0          0        156   __printf_wp.o
         0          0          0          0          0          0   __rtentry.o
        12          0          0          0          0          0   __rtentry2.o
         6          0          0          0          0          0   __rtentry4.o
        52          8          0          0          0          0   __scatter.o
        26          0          0          0          0          0   __scatter_copy.o
        28          0          0          0          0          0   __scatter_zi.o
        48          6          0          0          0         96   _printf_char_common.o
        36          4          0          0          0         80   _printf_char_file.o
         6          0          0          0          0          0   _printf_f.o
      1054          0          0          0          0        216   _printf_fp_dec.o
       128         16          0          0          0         84   _printf_fp_infnan.o
        88          4         40          0          0         88   _printf_hex_int.o
       178          0          0          0          0         88   _printf_intcommon.o
         0          0          0          0          0          0   _printf_percent.o
         4          0          0          0          0          0   _printf_percent_end.o
         6          0          0          0          0          0   _printf_x.o
        10          0          0          0          0         68   _sputc.o
       228          4        148          0          0         96   bigflt0.o
      1936        128          0          0          0        672   btod.o
        18          0          0          0          0         80   exit.o
         8          0          0          0          0         68   ferror.o
         6          0          0          0          0        152   heapauxi.o
        44         10         28          0          0         76   lc_numeric_c.o
         2          0          0          0          0          0   libinit.o
        22          0          0          0          0          0   libinit2.o
         2          0          0          0          0          0   libshutdown.o
         2          0          0          0          0          0   libshutdown2.o
         8          4          0          0         96         68   libspace.o
       138          0          0          0          0         80   lludiv10.o
        24          4          0          0          0         84   noretval__2printf.o
        40          6          0          0          0         84   noretval__2sprintf.o
         8          4          0          0          0         68   rt_locale_intlibspace.o
        78          0          0          0          0         80   rt_memclr_w.o
         2          0          0          0          0          0   rtexit.o
        10          0          0          0          0          0   rtexit2.o
       128          0          0          0          0         68   strcmpv7m.o
        74          0          0          0          0         80   sys_stackheap_outer.o
         2          0          0          0          0         68   use_no_semi.o
         2          0          0          0          0         68   use_no_semi_2.o
       826         16          0          0          0        492   daddsub_clz.o
        24          0          0          0          0        116   dcmpi.o
       688        140          0          0          0        256   ddiv.o
        94          4          0          0          0        140   dfix.o
        90          4          0          0          0        140   dfixu.o
        84          0          0          0          0        232   dflt_clz.o
       120          4          0          0          0        140   dleqf.o
       340         12          0          0          0        152   dmul.o
       156          4          0          0          0        140   dnaninf.o
        12          0          0          0          0        116   dretinf.o
       108          0          0          0          0        128   drleqf.o
        10          0          0          0          0        116   fpinit.o
         4          0          0          0          0        116   printf1.o
         0          0          0          0          0          0   usenofp.o
        48          0          0          0          0        124   fpclassify.o

    ----------------------------------------------------------------------
      7380        382        216          0        100       5244   Library Totals
        20          0          0          0          4          0   (incl. Padding)

    ----------------------------------------------------------------------

      Code (inc. data)   RO Data    RW Data    ZI Data      Debug   Library Name

      4756        198        216          0         96       2836   c_w.l
      2556        184          0          0          0       2284   fz_wm.l
        48          0          0          0          0        124   m_wm.l

    ----------------------------------------------------------------------
      7380        382        216          0        100       5244   Library Totals

    ----------------------------------------------------------------------

==============================================================================


      Code (inc. data)   RO Data    RW Data    ZI Data      Debug   

     42992       1534       6748         84       1852     389277   Grand Totals
     42992       1534       6748         84       1852     389277   ELF Image Totals
     42992       1534       6748         84          0          0   ROM Totals

==============================================================================

    Total RO  Size (Code + RO Data)                49740 (  48.57kB)
    Total RW  Size (RW Data + ZI Data)              1936 (   1.89kB)
    Total ROM Size (Code + RO Data + RW Data)      49824 (  48.66kB)

==============================================================================

